17:36:17 **** Build of project hw06_bsp ****
make -k all 
"Running Make include in ps7_cortexa9_0/libsrc/controller_v1_0/src"
make -C ps7_cortexa9_0/libsrc/controller_v1_0/src -s include  "SHELL=CMD" "COMPILER=arm-none-eabi-gcc" "ARCHIVER=arm-none-eabi-ar" "COMPILER_FLAGS=  -O2 -c" "EXTRA_COMPILER_FLAGS=-mcpu=cortex-a9 -mfpu=vfpv3 -mfloat-abi=hard -nostartfiles -g -Wall -Wextra"
"Running Make include in ps7_cortexa9_0/libsrc/coresightps_dcc_v1_4/src"
make -C ps7_cortexa9_0/libsrc/coresightps_dcc_v1_4/src -s include  "SHELL=CMD" "COMPILER=arm-none-eabi-gcc" "ARCHIVER=arm-none-eabi-ar" "COMPILER_FLAGS=  -O2 -c" "EXTRA_COMPILER_FLAGS=-mcpu=cortex-a9 -mfpu=vfpv3 -mfloat-abi=hard -nostartfiles -g -Wall -Wextra"
"Running Make include in ps7_cortexa9_0/libsrc/cpu_cortexa9_v2_7/src"
make -C ps7_cortexa9_0/libsrc/cpu_cortexa9_v2_7/src -s include  "SHELL=CMD" "COMPILER=arm-none-eabi-gcc" "ARCHIVER=arm-none-eabi-ar" "COMPILER_FLAGS=  -O2 -c" "EXTRA_COMPILER_FLAGS=-mcpu=cortex-a9 -mfpu=vfpv3 -mfloat-abi=hard -nostartfiles -g -Wall -Wextra"
"Running Make include in ps7_cortexa9_0/libsrc/ddrps_v1_0/src"
make -C ps7_cortexa9_0/libsrc/ddrps_v1_0/src -s include  "SHELL=CMD" "COMPILER=arm-none-eabi-gcc" "ARCHIVER=arm-none-eabi-ar" "COMPILER_FLAGS=  -O2 -c" "EXTRA_COMPILER_FLAGS=-mcpu=cortex-a9 -mfpu=vfpv3 -mfloat-abi=hard -nostartfiles -g -Wall -Wextra"
"Running Make include in ps7_cortexa9_0/libsrc/devcfg_v3_5/src"
make -C ps7_cortexa9_0/libsrc/devcfg_v3_5/src -s include  "SHELL=CMD" "COMPILER=arm-none-eabi-gcc" "ARCHIVER=arm-none-eabi-ar" "COMPILER_FLAGS=  -O2 -c" "EXTRA_COMPILER_FLAGS=-mcpu=cortex-a9 -mfpu=vfpv3 -mfloat-abi=hard -nostartfiles -g -Wall -Wextra"
"Running Make include in ps7_cortexa9_0/libsrc/dmaps_v2_4/src"
make -C ps7_cortexa9_0/libsrc/dmaps_v2_4/src -s include  "SHELL=CMD" "COMPILER=arm-none-eabi-gcc" "ARCHIVER=arm-none-eabi-ar" "COMPILER_FLAGS=  -O2 -c" "EXTRA_COMPILER_FLAGS=-mcpu=cortex-a9 -mfpu=vfpv3 -mfloat-abi=hard -nostartfiles -g -Wall -Wextra"
"Running Make include in ps7_cortexa9_0/libsrc/emacps_v3_8/src"
make -C ps7_cortexa9_0/libsrc/emacps_v3_8/src -s include  "SHELL=CMD" "COMPILER=arm-none-eabi-gcc" "ARCHIVER=arm-none-eabi-ar" "COMPILER_FLAGS=  -O2 -c" "EXTRA_COMPILER_FLAGS=-mcpu=cortex-a9 -mfpu=vfpv3 -mfloat-abi=hard -nostartfiles -g -Wall -Wextra"
"Running Make include in ps7_cortexa9_0/libsrc/gpiops_v3_4/src"
make -C ps7_cortexa9_0/libsrc/gpiops_v3_4/src -s include  "SHELL=CMD" "COMPILER=arm-none-eabi-gcc" "ARCHIVER=arm-none-eabi-ar" "COMPILER_FLAGS=  -O2 -c" "EXTRA_COMPILER_FLAGS=-mcpu=cortex-a9 -mfpu=vfpv3 -mfloat-abi=hard -nostartfiles -g -Wall -Wextra"
"Running Make include in ps7_cortexa9_0/libsrc/qspips_v3_5/src"
make -C ps7_cortexa9_0/libsrc/qspips_v3_5/src -s include  "SHELL=CMD" "COMPILER=arm-none-eabi-gcc" "ARCHIVER=arm-none-eabi-ar" "COMPILER_FLAGS=  -O2 -c" "EXTRA_COMPILER_FLAGS=-mcpu=cortex-a9 -mfpu=vfpv3 -mfloat-abi=hard -nostartfiles -g -Wall -Wextra"
"Running Make include in ps7_cortexa9_0/libsrc/scugic_v3_10/src"
make -C ps7_cortexa9_0/libsrc/scugic_v3_10/src -s include  "SHELL=CMD" "COMPILER=arm-none-eabi-gcc" "ARCHIVER=arm-none-eabi-ar" "COMPILER_FLAGS=  -O2 -c" "EXTRA_COMPILER_FLAGS=-mcpu=cortex-a9 -mfpu=vfpv3 -mfloat-abi=hard -nostartfiles -g -Wall -Wextra"
"Running Make include in ps7_cortexa9_0/libsrc/scutimer_v2_1/src"
make -C ps7_cortexa9_0/libsrc/scutimer_v2_1/src -s include  "SHELL=CMD" "COMPILER=arm-none-eabi-gcc" "ARCHIVER=arm-none-eabi-ar" "COMPILER_FLAGS=  -O2 -c" "EXTRA_COMPILER_FLAGS=-mcpu=cortex-a9 -mfpu=vfpv3 -mfloat-abi=hard -nostartfiles -g -Wall -Wextra"
"Running Make include in ps7_cortexa9_0/libsrc/scuwdt_v2_1/src"
make -C ps7_cortexa9_0/libsrc/scuwdt_v2_1/src -s include  "SHELL=CMD" "COMPILER=arm-none-eabi-gcc" "ARCHIVER=arm-none-eabi-ar" "COMPILER_FLAGS=  -O2 -c" "EXTRA_COMPILER_FLAGS=-mcpu=cortex-a9 -mfpu=vfpv3 -mfloat-abi=hard -nostartfiles -g -Wall -Wextra"
"Running Make include in ps7_cortexa9_0/libsrc/sdps_v3_6/src"
make -C ps7_cortexa9_0/libsrc/sdps_v3_6/src -s include  "SHELL=CMD" "COMPILER=arm-none-eabi-gcc" "ARCHIVER=arm-none-eabi-ar" "COMPILER_FLAGS=  -O2 -c" "EXTRA_COMPILER_FLAGS=-mcpu=cortex-a9 -mfpu=vfpv3 -mfloat-abi=hard -nostartfiles -g -Wall -Wextra"
"Running Make include in ps7_cortexa9_0/libsrc/standalone_v6_8/src"
make -C ps7_cortexa9_0/libsrc/standalone_v6_8/src -s include  "SHELL=CMD" "COMPILER=arm-none-eabi-gcc" "ARCHIVER=arm-none-eabi-ar" "COMPILER_FLAGS=  -O2 -c" "EXTRA_COMPILER_FLAGS=-mcpu=cortex-a9 -mfpu=vfpv3 -mfloat-abi=hard -nostartfiles -g -Wall -Wextra"
"Running Make include in ps7_cortexa9_0/libsrc/uartps_v3_7/src"
make -C ps7_cortexa9_0/libsrc/uartps_v3_7/src -s include  "SHELL=CMD" "COMPILER=arm-none-eabi-gcc" "ARCHIVER=arm-none-eabi-ar" "COMPILER_FLAGS=  -O2 -c" "EXTRA_COMPILER_FLAGS=-mcpu=cortex-a9 -mfpu=vfpv3 -mfloat-abi=hard -nostartfiles -g -Wall -Wextra"
"Running Make include in ps7_cortexa9_0/libsrc/usbps_v2_4/src"
make -C ps7_cortexa9_0/libsrc/usbps_v2_4/src -s include  "SHELL=CMD" "COMPILER=arm-none-eabi-gcc" "ARCHIVER=arm-none-eabi-ar" "COMPILER_FLAGS=  -O2 -c" "EXTRA_COMPILER_FLAGS=-mcpu=cortex-a9 -mfpu=vfpv3 -mfloat-abi=hard -nostartfiles -g -Wall -Wextra"
"Running Make include in ps7_cortexa9_0/libsrc/xadcps_v2_3/src"
make -C ps7_cortexa9_0/libsrc/xadcps_v2_3/src -s include  "SHELL=CMD" "COMPILER=arm-none-eabi-gcc" "ARCHIVER=arm-none-eabi-ar" "COMPILER_FLAGS=  -O2 -c" "EXTRA_COMPILER_FLAGS=-mcpu=cortex-a9 -mfpu=vfpv3 -mfloat-abi=hard -nostartfiles -g -Wall -Wextra"
"Running Make libs in ps7_cortexa9_0/libsrc/controller_v1_0/src"
make -C ps7_cortexa9_0/libsrc/controller_v1_0/src -s libs  "SHELL=CMD" "COMPILER=arm-none-eabi-gcc" "ARCHIVER=arm-none-eabi-ar" "COMPILER_FLAGS=  -O2 -c" "EXTRA_COMPILER_FLAGS=-mcpu=cortex-a9 -mfpu=vfpv3 -mfloat-abi=hard -nostartfiles -g -Wall -Wextra"
"Compiling controller..."
controller_selftest.c: In function 'CONTROLLER_Reg_SelfTest':
controller_selftest.c:52:59: warning: comparison between signed and unsigned integer expressions [-Wsign-compare]
    if ( CONTROLLER_mReadReg (baseaddr, read_loop_index*4) != (read_loop_index+1)*READ_WRITE_MUL_FACTOR){
                                                           ^~
controller_selftest.c:36:6: warning: unused variable 'Index' [-Wunused-variable]
  int Index;
      ^~~~~
arm-none-eabi-ar: creating ../../../lib/libxil.a
"Running Make libs in ps7_cortexa9_0/libsrc/coresightps_dcc_v1_4/src"
make -C ps7_cortexa9_0/libsrc/coresightps_dcc_v1_4/src -s libs  "SHELL=CMD" "COMPILER=arm-none-eabi-gcc" "ARCHIVER=arm-none-eabi-ar" "COMPILER_FLAGS=  -O2 -c" "EXTRA_COMPILER_FLAGS=-mcpu=cortex-a9 -mfpu=vfpv3 -mfloat-abi=hard -nostartfiles -g -Wall -Wextra"
"Compiling coresightps_dcc"
"Running Make libs in ps7_cortexa9_0/libsrc/cpu_cortexa9_v2_7/src"
make -C ps7_cortexa9_0/libsrc/cpu_cortexa9_v2_7/src -s libs  "SHELL=CMD" "COMPILER=arm-none-eabi-gcc" "ARCHIVER=arm-none-eabi-ar" "COMPILER_FLAGS=  -O2 -c" "EXTRA_COMPILER_FLAGS=-mcpu=cortex-a9 -mfpu=vfpv3 -mfloat-abi=hard -nostartfiles -g -Wall -Wextra"
"Compiling cpu_cortexa9"
"Running Make libs in ps7_cortexa9_0/libsrc/ddrps_v1_0/src"
make -C ps7_cortexa9_0/libsrc/ddrps_v1_0/src -s libs  "SHELL=CMD" "COMPILER=arm-none-eabi-gcc" "ARCHIVER=arm-none-eabi-ar" "COMPILER_FLAGS=  -O2 -c" "EXTRA_COMPILER_FLAGS=-mcpu=cortex-a9 -mfpu=vfpv3 -mfloat-abi=hard -nostartfiles -g -Wall -Wextra"
"Compiling ddrps"
"Running Make libs in ps7_cortexa9_0/libsrc/devcfg_v3_5/src"
make -C ps7_cortexa9_0/libsrc/devcfg_v3_5/src -s libs  "SHELL=CMD" "COMPILER=arm-none-eabi-gcc" "ARCHIVER=arm-none-eabi-ar" "COMPILER_FLAGS=  -O2 -c" "EXTRA_COMPILER_FLAGS=-mcpu=cortex-a9 -mfpu=vfpv3 -mfloat-abi=hard -nostartfiles -g -Wall -Wextra"
"Compiling devcfg"
"Running Make libs in ps7_cortexa9_0/libsrc/dmaps_v2_4/src"
make -C ps7_cortexa9_0/libsrc/dmaps_v2_4/src -s libs  "SHELL=CMD" "COMPILER=arm-none-eabi-gcc" "ARCHIVER=arm-none-eabi-ar" "COMPILER_FLAGS=  -O2 -c" "EXTRA_COMPILER_FLAGS=-mcpu=cortex-a9 -mfpu=vfpv3 -mfloat-abi=hard -nostartfiles -g -Wall -Wextra"
"Compiling dmaps"
"Running Make libs in ps7_cortexa9_0/libsrc/emacps_v3_8/src"
make -C ps7_cortexa9_0/libsrc/emacps_v3_8/src -s libs  "SHELL=CMD" "COMPILER=arm-none-eabi-gcc" "ARCHIVER=arm-none-eabi-ar" "COMPILER_FLAGS=  -O2 -c" "EXTRA_COMPILER_FLAGS=-mcpu=cortex-a9 -mfpu=vfpv3 -mfloat-abi=hard -nostartfiles -g -Wall -Wextra"
"Compiling emacps"
"Running Make libs in ps7_cortexa9_0/libsrc/gpiops_v3_4/src"
make -C ps7_cortexa9_0/libsrc/gpiops_v3_4/src -s libs  "SHELL=CMD" "COMPILER=arm-none-eabi-gcc" "ARCHIVER=arm-none-eabi-ar" "COMPILER_FLAGS=  -O2 -c" "EXTRA_COMPILER_FLAGS=-mcpu=cortex-a9 -mfpu=vfpv3 -mfloat-abi=hard -nostartfiles -g -Wall -Wextra"
"Compiling gpiops"
"Running Make libs in ps7_cortexa9_0/libsrc/qspips_v3_5/src"
make -C ps7_cortexa9_0/libsrc/qspips_v3_5/src -s libs  "SHELL=CMD" "COMPILER=arm-none-eabi-gcc" "ARCHIVER=arm-none-eabi-ar" "COMPILER_FLAGS=  -O2 -c" "EXTRA_COMPILER_FLAGS=-mcpu=cortex-a9 -mfpu=vfpv3 -mfloat-abi=hard -nostartfiles -g -Wall -Wextra"
"Compiling qspips"
"Running Make libs in ps7_cortexa9_0/libsrc/scugic_v3_10/src"
make -C ps7_cortexa9_0/libsrc/scugic_v3_10/src -s libs  "SHELL=CMD" "COMPILER=arm-none-eabi-gcc" "ARCHIVER=arm-none-eabi-ar" "COMPILER_FLAGS=  -O2 -c" "EXTRA_COMPILER_FLAGS=-mcpu=cortex-a9 -mfpu=vfpv3 -mfloat-abi=hard -nostartfiles -g -Wall -Wextra"
"Compiling scugic"
"Running Make libs in ps7_cortexa9_0/libsrc/scutimer_v2_1/src"
make -C ps7_cortexa9_0/libsrc/scutimer_v2_1/src -s libs  "SHELL=CMD" "COMPILER=arm-none-eabi-gcc" "ARCHIVER=arm-none-eabi-ar" "COMPILER_FLAGS=  -O2 -c" "EXTRA_COMPILER_FLAGS=-mcpu=cortex-a9 -mfpu=vfpv3 -mfloat-abi=hard -nostartfiles -g -Wall -Wextra"
"Compiling scutimer"
"Running Make libs in ps7_cortexa9_0/libsrc/scuwdt_v2_1/src"
make -C ps7_cortexa9_0/libsrc/scuwdt_v2_1/src -s libs  "SHELL=CMD" "COMPILER=arm-none-eabi-gcc" "ARCHIVER=arm-none-eabi-ar" "COMPILER_FLAGS=  -O2 -c" "EXTRA_COMPILER_FLAGS=-mcpu=cortex-a9 -mfpu=vfpv3 -mfloat-abi=hard -nostartfiles -g -Wall -Wextra"
"Compiling scuwdt"
"Running Make libs in ps7_cortexa9_0/libsrc/sdps_v3_6/src"
make -C ps7_cortexa9_0/libsrc/sdps_v3_6/src -s libs  "SHELL=CMD" "COMPILER=arm-none-eabi-gcc" "ARCHIVER=arm-none-eabi-ar" "COMPILER_FLAGS=  -O2 -c" "EXTRA_COMPILER_FLAGS=-mcpu=cortex-a9 -mfpu=vfpv3 -mfloat-abi=hard -nostartfiles -g -Wall -Wextra"
"Compiling sdps"
"Running Make libs in ps7_cortexa9_0/libsrc/standalone_v6_8/src"
make -C ps7_cortexa9_0/libsrc/standalone_v6_8/src -s libs  "SHELL=CMD" "COMPILER=arm-none-eabi-gcc" "ARCHIVER=arm-none-eabi-ar" "COMPILER_FLAGS=  -O2 -c" "EXTRA_COMPILER_FLAGS=-mcpu=cortex-a9 -mfpu=vfpv3 -mfloat-abi=hard -nostartfiles -g -Wall -Wextra"
"Compiling standalone"
In file included from usleep.c:56:0:
xtime_l.h:87:9: note: #pragma message: For the sleep routines, Global timer is being used
 #pragma message ("For the sleep routines, Global timer is being used")
         ^~~~~~~
In file included from xil_sleeptimer.c:51:0:
xtime_l.h:87:9: note: #pragma message: For the sleep routines, Global timer is being used
 #pragma message ("For the sleep routines, Global timer is being used")
         ^~~~~~~
In file included from xtime_l.c:49:0:
xtime_l.h:87:9: note: #pragma message: For the sleep routines, Global timer is being used
 #pragma message ("For the sleep routines, Global timer is being used")
         ^~~~~~~
In file included from sleep.c:53:0:
xtime_l.h:87:9: note: #pragma message: For the sleep routines, Global timer is being used
 #pragma message ("For the sleep routines, Global timer is being used")
         ^~~~~~~
"Running Make libs in ps7_cortexa9_0/libsrc/uartps_v3_7/src"
make -C ps7_cortexa9_0/libsrc/uartps_v3_7/src -s libs  "SHELL=CMD" "COMPILER=arm-none-eabi-gcc" "ARCHIVER=arm-none-eabi-ar" "COMPILER_FLAGS=  -O2 -c" "EXTRA_COMPILER_FLAGS=-mcpu=cortex-a9 -mfpu=vfpv3 -mfloat-abi=hard -nostartfiles -g -Wall -Wextra"
"Compiling uartps"
"Running Make libs in ps7_cortexa9_0/libsrc/usbps_v2_4/src"
make -C ps7_cortexa9_0/libsrc/usbps_v2_4/src -s libs  "SHELL=CMD" "COMPILER=arm-none-eabi-gcc" "ARCHIVER=arm-none-eabi-ar" "COMPILER_FLAGS=  -O2 -c" "EXTRA_COMPILER_FLAGS=-mcpu=cortex-a9 -mfpu=vfpv3 -mfloat-abi=hard -nostartfiles -g -Wall -Wextra"
"Compiling usbps"
"Running Make libs in ps7_cortexa9_0/libsrc/xadcps_v2_3/src"
make -C ps7_cortexa9_0/libsrc/xadcps_v2_3/src -s libs  "SHELL=CMD" "COMPILER=arm-none-eabi-gcc" "ARCHIVER=arm-none-eabi-ar" "COMPILER_FLAGS=  -O2 -c" "EXTRA_COMPILER_FLAGS=-mcpu=cortex-a9 -mfpu=vfpv3 -mfloat-abi=hard -nostartfiles -g -Wall -Wextra"
"Compiling xadcps"
'Finished building libraries'

**** Build of configuration Debug for project hw06 ****

Nothing to build for project hw06
17:37:13 **** Auto Build of configuration Debug for project hw06 ****
make pre-build main-build 
a9-linaro-pre-build-step
' '
'Building file: ../src/main.c'
'Invoking: ARM v7 gcc compiler'
arm-none-eabi-gcc -Wall -O0 -g3 -c -fmessage-length=0 -MT"src/main.o" -mcpu=cortex-a9 -mfpu=vfpv3 -mfloat-abi=hard -I../../hw06_bsp/ps7_cortexa9_0/include -MMD -MP -MF"src/main.d" -MT"src/main.o" -o "src/main.o" "../src/main.c"
'Finished building: ../src/main.c'
' '
'Building target: hw06.elf'
'Invoking: ARM v7 gcc linker'
arm-none-eabi-gcc -mcpu=cortex-a9 -mfpu=vfpv3 -mfloat-abi=hard -Wl,-build-id=none -specs=Xilinx.spec -Wl,-T -Wl,../src/lscript.ld -L../../hw06_bsp/ps7_cortexa9_0/lib -o "hw06.elf"  ./src/main.o   -Wl,--start-group,-lxil,-lgcc,-lc,--end-group
../../hw06_bsp/ps7_cortexa9_0/lib\libxil.a(xil-crt0.o): In function `_start':
C:\vivado_project\hw06\hw06.sdk\hw06_bsp\ps7_cortexa9_0\libsrc\standalone_v6_8\src/xil-crt0.S:138: undefined reference to `main'
collect2.exe: error: ld returned 1 exit status
make: *** [makefile:41: hw06.elf] Error 1
17:37:50 **** Auto Build of configuration Debug for project hw06 ****
make pre-build main-build 
a9-linaro-pre-build-step
' '
'Building file: ../src/main.c'
'Invoking: ARM v7 gcc compiler'
arm-none-eabi-gcc -Wall -O0 -g3 -c -fmessage-length=0 -MT"src/main.o" -mcpu=cortex-a9 -mfpu=vfpv3 -mfloat-abi=hard -I../../hw06_bsp/ps7_cortexa9_0/include -MMD -MP -MF"src/main.d" -MT"src/main.o" -o "src/main.o" "../src/main.c"
../src/main.c: In function 'main':
../src/main.c:28:2: warning: implicit declaration of function 'MEMORY_CTRL_mWriteReg'; did you mean 'CONTROLLER_mWriteReg'? [-Wimplicit-function-declaration]
  MEMORY_CTRL_mWriteReg(XPAR_MEMORY_CTRL_0_S00_AXI_BASEADDR, 8,0x00000000);//data not ready
  ^~~~~~~~~~~~~~~~~~~~~
  CONTROLLER_mWriteReg
../src/main.c:28:24: error: 'XPAR_MEMORY_CTRL_0_S00_AXI_BASEADDR' undeclared (first use in this function); did you mean 'XPAR_CONTROLLER_0_S00_AXI_BASEADDR'?
  MEMORY_CTRL_mWriteReg(XPAR_MEMORY_CTRL_0_S00_AXI_BASEADDR, 8,0x00000000);//data not ready
                        ^~~~~~~~~~~~~~~~~~~~~~~~~~~~~~~~~~~
                        XPAR_CONTROLLER_0_S00_AXI_BASEADDR
../src/main.c:28:24: note: each undeclared identifier is reported only once for each function it appears in
../src/main.c:25:6: warning: unused variable 'temp2' [-Wunused-variable]
  u32 temp2;
      ^~~~~
../src/main.c:24:6: warning: unused variable 'temp1' [-Wunused-variable]
  u32 temp1;
      ^~~~~
../src/main.c: In function 'write_data':
../src/main.c:180:24: error: 'XPAR_MEMORY_CTRL_0_S00_AXI_BASEADDR' undeclared (first use in this function); did you mean 'XPAR_CONTROLLER_0_S00_AXI_BASEADDR'?
  MEMORY_CTRL_mWriteReg(XPAR_MEMORY_CTRL_0_S00_AXI_BASEADDR, 0x00000000, data);
                        ^~~~~~~~~~~~~~~~~~~~~~~~~~~~~~~~~~~
                        XPAR_CONTROLLER_0_S00_AXI_BASEADDR
../src/main.c:189:7: warning: implicit declaration of function 'MEMORY_CTRL_mReadReg'; did you mean 'CONTROLLER_mReadReg'? [-Wimplicit-function-declaration]
   ans=MEMORY_CTRL_mReadReg(XPAR_MEMORY_CTRL_0_S00_AXI_BASEADDR, 0x0000000C);
       ^~~~~~~~~~~~~~~~~~~~
       CONTROLLER_mReadReg
../src/main.c: In function 'read_data':
../src/main.c:197:27: error: 'XPAR_MEMORY_CTRL_0_S00_AXI_BASEADDR' undeclared (first use in this function); did you mean 'XPAR_CONTROLLER_0_S00_AXI_BASEADDR'?
  ans=MEMORY_CTRL_mReadReg(XPAR_MEMORY_CTRL_0_S00_AXI_BASEADDR, address);
                           ^~~~~~~~~~~~~~~~~~~~~~~~~~~~~~~~~~~
                           XPAR_CONTROLLER_0_S00_AXI_BASEADDR
make: *** [src/subdir.mk:23: src/main.o] Error 1
17:38:10 **** Auto Build of configuration Debug for project hw06 ****
make pre-build main-build 
a9-linaro-pre-build-step
' '
'Building file: ../src/main.c'
'Invoking: ARM v7 gcc compiler'
arm-none-eabi-gcc -Wall -O0 -g3 -c -fmessage-length=0 -MT"src/main.o" -mcpu=cortex-a9 -mfpu=vfpv3 -mfloat-abi=hard -I../../hw06_bsp/ps7_cortexa9_0/include -MMD -MP -MF"src/main.d" -MT"src/main.o" -o "src/main.o" "../src/main.c"
../src/main.c: In function 'main':
../src/main.c:28:2: warning: implicit declaration of function 'MEMORY_CTRL_mWriteReg'; did you mean 'CONTROLLER_mWriteReg'? [-Wimplicit-function-declaration]
  MEMORY_CTRL_mWriteReg(XPAR_MEMORY_CTRL_0_S00_AXI_BASEADDR, 8,0x00000000);//data not ready
  ^~~~~~~~~~~~~~~~~~~~~
  CONTROLLER_mWriteReg
../src/main.c:28:24: error: 'XPAR_MEMORY_CTRL_0_S00_AXI_BASEADDR' undeclared (first use in this function); did you mean 'XPAR_CONTROLLER_0_S00_AXI_BASEADDR'?
  MEMORY_CTRL_mWriteReg(XPAR_MEMORY_CTRL_0_S00_AXI_BASEADDR, 8,0x00000000);//data not ready
                        ^~~~~~~~~~~~~~~~~~~~~~~~~~~~~~~~~~~
                        XPAR_CONTROLLER_0_S00_AXI_BASEADDR
../src/main.c:28:24: note: each undeclared identifier is reported only once for each function it appears in
../src/main.c:25:6: warning: unused variable 'temp2' [-Wunused-variable]
  u32 temp2;
      ^~~~~
../src/main.c:24:6: warning: unused variable 'temp1' [-Wunused-variable]
  u32 temp1;
      ^~~~~
In file included from ../src/main.c:11:0:
../src/main.c: In function 'write_data':
../src/main.c:180:23: error: 'XPAR_MEMORY_CTRL_0_S00_AXI_BASEADDR' undeclared (first use in this function); did you mean 'XPAR_CONTROLLER_0_S00_AXI_BASEADDR'?
  CONTROLLER_mWriteReg(XPAR_MEMORY_CTRL_0_S00_AXI_BASEADDR, 0x00000000, data);
                       ^
../../hw06_bsp/ps7_cortexa9_0/include/controller.h:35:15: note: in definition of macro 'CONTROLLER_mWriteReg'
    Xil_Out32((BaseAddress) + (RegOffset), (u32)(Data))
               ^~~~~~~~~~~
../src/main.c:189:7: warning: implicit declaration of function 'MEMORY_CTRL_mReadReg'; did you mean 'CONTROLLER_mReadReg'? [-Wimplicit-function-declaration]
   ans=MEMORY_CTRL_mReadReg(XPAR_MEMORY_CTRL_0_S00_AXI_BASEADDR, 0x0000000C);
       ^~~~~~~~~~~~~~~~~~~~
       CONTROLLER_mReadReg
../src/main.c: In function 'read_data':
../src/main.c:197:27: error: 'XPAR_MEMORY_CTRL_0_S00_AXI_BASEADDR' undeclared (first use in this function); did you mean 'XPAR_CONTROLLER_0_S00_AXI_BASEADDR'?
  ans=MEMORY_CTRL_mReadReg(XPAR_MEMORY_CTRL_0_S00_AXI_BASEADDR, address);
                           ^~~~~~~~~~~~~~~~~~~~~~~~~~~~~~~~~~~
                           XPAR_CONTROLLER_0_S00_AXI_BASEADDR
make: *** [src/subdir.mk:23: src/main.o] Error 1
17:38:47 **** Auto Build of configuration Debug for project hw06 ****
make pre-build main-build 
a9-linaro-pre-build-step
' '
'Building file: ../src/main.c'
'Invoking: ARM v7 gcc compiler'
arm-none-eabi-gcc -Wall -O0 -g3 -c -fmessage-length=0 -MT"src/main.o" -mcpu=cortex-a9 -mfpu=vfpv3 -mfloat-abi=hard -I../../hw06_bsp/ps7_cortexa9_0/include -MMD -MP -MF"src/main.d" -MT"src/main.o" -o "src/main.o" "../src/main.c"
In file included from ../src/main.c:11:0:
../src/main.c: In function 'main':
../src/main.c:28:23: error: 'XPAR_MEMORY_CTRL_0_S00_AXI_BASEADDR' undeclared (first use in this function); did you mean 'XPAR_CONTROLLER_0_S00_AXI_BASEADDR'?
  CONTROLLER_mWriteReg(XPAR_MEMORY_CTRL_0_S00_AXI_BASEADDR, 8,0x00000000);//data not ready
                       ^
../../hw06_bsp/ps7_cortexa9_0/include/controller.h:35:15: note: in definition of macro 'CONTROLLER_mWriteReg'
    Xil_Out32((BaseAddress) + (RegOffset), (u32)(Data))
               ^~~~~~~~~~~
../src/main.c:28:23: note: each undeclared identifier is reported only once for each function it appears in
  CONTROLLER_mWriteReg(XPAR_MEMORY_CTRL_0_S00_AXI_BASEADDR, 8,0x00000000);//data not ready
                       ^
../../hw06_bsp/ps7_cortexa9_0/include/controller.h:35:15: note: in definition of macro 'CONTROLLER_mWriteReg'
    Xil_Out32((BaseAddress) + (RegOffset), (u32)(Data))
               ^~~~~~~~~~~
../src/main.c:36:2: warning: implicit declaration of function 'MEMORY_CTRL_mWriteReg'; did you mean 'CONTROLLER_mWriteReg'? [-Wimplicit-function-declaration]
  MEMORY_CTRL_mWriteReg(XPAR_MEMORY_CTRL_0_S00_AXI_BASEADDR, 8, 0x00000001); //data ready
  ^~~~~~~~~~~~~~~~~~~~~
  CONTROLLER_mWriteReg
../src/main.c:25:6: warning: unused variable 'temp2' [-Wunused-variable]
  u32 temp2;
      ^~~~~
../src/main.c:24:6: warning: unused variable 'temp1' [-Wunused-variable]
  u32 temp1;
      ^~~~~
In file included from ../src/main.c:11:0:
../src/main.c: In function 'write_data':
../src/main.c:180:23: error: 'XPAR_MEMORY_CTRL_0_S00_AXI_BASEADDR' undeclared (first use in this function); did you mean 'XPAR_CONTROLLER_0_S00_AXI_BASEADDR'?
  CONTROLLER_mWriteReg(XPAR_MEMORY_CTRL_0_S00_AXI_BASEADDR, 0x00000000, data);
                       ^
../../hw06_bsp/ps7_cortexa9_0/include/controller.h:35:15: note: in definition of macro 'CONTROLLER_mWriteReg'
    Xil_Out32((BaseAddress) + (RegOffset), (u32)(Data))
               ^~~~~~~~~~~
../src/main.c:189:7: warning: implicit declaration of function 'MEMORY_CTRL_mReadReg'; did you mean 'CONTROLLER_mReadReg'? [-Wimplicit-function-declaration]
   ans=MEMORY_CTRL_mReadReg(XPAR_MEMORY_CTRL_0_S00_AXI_BASEADDR, 0x0000000C);
       ^~~~~~~~~~~~~~~~~~~~
       CONTROLLER_mReadReg
../src/main.c: In function 'read_data':
../src/main.c:197:27: error: 'XPAR_MEMORY_CTRL_0_S00_AXI_BASEADDR' undeclared (first use in this function); did you mean 'XPAR_CONTROLLER_0_S00_AXI_BASEADDR'?
  ans=MEMORY_CTRL_mReadReg(XPAR_MEMORY_CTRL_0_S00_AXI_BASEADDR, address);
                           ^~~~~~~~~~~~~~~~~~~~~~~~~~~~~~~~~~~
                           XPAR_CONTROLLER_0_S00_AXI_BASEADDR
make: *** [src/subdir.mk:23: src/main.o] Error 1
17:38:58 **** Auto Build of configuration Debug for project hw06 ****
make pre-build main-build 
a9-linaro-pre-build-step
' '
'Building file: ../src/main.c'
'Invoking: ARM v7 gcc compiler'
arm-none-eabi-gcc -Wall -O0 -g3 -c -fmessage-length=0 -MT"src/main.o" -mcpu=cortex-a9 -mfpu=vfpv3 -mfloat-abi=hard -I../../hw06_bsp/ps7_cortexa9_0/include -MMD -MP -MF"src/main.d" -MT"src/main.o" -o "src/main.o" "../src/main.c"
../src/main.c: In function 'main':
../src/main.c:28:2: warning: implicit declaration of function 'XAR_CONTROLLER_mWriteReg'; did you mean 'CONTROLLER_mWriteReg'? [-Wimplicit-function-declaration]
  XAR_CONTROLLER_mWriteReg(XPAR_MEMORY_CTRL_0_S00_AXI_BASEADDR, 8,0x00000000);//data not ready
  ^~~~~~~~~~~~~~~~~~~~~~~~
  CONTROLLER_mWriteReg
../src/main.c:28:27: error: 'XPAR_MEMORY_CTRL_0_S00_AXI_BASEADDR' undeclared (first use in this function); did you mean 'XPAR_CONTROLLER_0_S00_AXI_BASEADDR'?
  XAR_CONTROLLER_mWriteReg(XPAR_MEMORY_CTRL_0_S00_AXI_BASEADDR, 8,0x00000000);//data not ready
                           ^~~~~~~~~~~~~~~~~~~~~~~~~~~~~~~~~~~
                           XPAR_CONTROLLER_0_S00_AXI_BASEADDR
../src/main.c:28:27: note: each undeclared identifier is reported only once for each function it appears in
../src/main.c:36:2: warning: implicit declaration of function 'MEMORY_CTRL_mWriteReg'; did you mean 'CONTROLLER_mWriteReg'? [-Wimplicit-function-declaration]
  MEMORY_CTRL_mWriteReg(XPAR_MEMORY_CTRL_0_S00_AXI_BASEADDR, 8, 0x00000001); //data ready
  ^~~~~~~~~~~~~~~~~~~~~
  CONTROLLER_mWriteReg
../src/main.c:25:6: warning: unused variable 'temp2' [-Wunused-variable]
  u32 temp2;
      ^~~~~
../src/main.c:24:6: warning: unused variable 'temp1' [-Wunused-variable]
  u32 temp1;
      ^~~~~
In file included from ../src/main.c:11:0:
../src/main.c: In function 'write_data':
../src/main.c:180:23: error: 'XPAR_MEMORY_CTRL_0_S00_AXI_BASEADDR' undeclared (first use in this function); did you mean 'XPAR_CONTROLLER_0_S00_AXI_BASEADDR'?
  CONTROLLER_mWriteReg(XPAR_MEMORY_CTRL_0_S00_AXI_BASEADDR, 0x00000000, data);
                       ^
../../hw06_bsp/ps7_cortexa9_0/include/controller.h:35:15: note: in definition of macro 'CONTROLLER_mWriteReg'
    Xil_Out32((BaseAddress) + (RegOffset), (u32)(Data))
               ^~~~~~~~~~~
../src/main.c:189:7: warning: implicit declaration of function 'MEMORY_CTRL_mReadReg'; did you mean 'CONTROLLER_mReadReg'? [-Wimplicit-function-declaration]
   ans=MEMORY_CTRL_mReadReg(XPAR_MEMORY_CTRL_0_S00_AXI_BASEADDR, 0x0000000C);
       ^~~~~~~~~~~~~~~~~~~~
       CONTROLLER_mReadReg
../src/main.c: In function 'read_data':
../src/main.c:197:27: error: 'XPAR_MEMORY_CTRL_0_S00_AXI_BASEADDR' undeclared (first use in this function); did you mean 'XPAR_CONTROLLER_0_S00_AXI_BASEADDR'?
  ans=MEMORY_CTRL_mReadReg(XPAR_MEMORY_CTRL_0_S00_AXI_BASEADDR, address);
                           ^~~~~~~~~~~~~~~~~~~~~~~~~~~~~~~~~~~
                           XPAR_CONTROLLER_0_S00_AXI_BASEADDR
make: *** [src/subdir.mk:23: src/main.o] Error 1
17:39:05 **** Auto Build of configuration Debug for project hw06 ****
make pre-build main-build 
a9-linaro-pre-build-step
' '
'Building file: ../src/main.c'
'Invoking: ARM v7 gcc compiler'
arm-none-eabi-gcc -Wall -O0 -g3 -c -fmessage-length=0 -MT"src/main.o" -mcpu=cortex-a9 -mfpu=vfpv3 -mfloat-abi=hard -I../../hw06_bsp/ps7_cortexa9_0/include -MMD -MP -MF"src/main.d" -MT"src/main.o" -o "src/main.o" "../src/main.c"
In file included from ../src/main.c:11:0:
../src/main.c: In function 'main':
../src/main.c:28:23: error: 'XPAR_MEMORY_CTRL_0_S00_AXI_BASEADDR' undeclared (first use in this function); did you mean 'XPAR_CONTROLLER_0_S00_AXI_BASEADDR'?
  CONTROLLER_mWriteReg(XPAR_MEMORY_CTRL_0_S00_AXI_BASEADDR, 8,0x00000000);//data not ready
                       ^
../../hw06_bsp/ps7_cortexa9_0/include/controller.h:35:15: note: in definition of macro 'CONTROLLER_mWriteReg'
    Xil_Out32((BaseAddress) + (RegOffset), (u32)(Data))
               ^~~~~~~~~~~
../src/main.c:28:23: note: each undeclared identifier is reported only once for each function it appears in
  CONTROLLER_mWriteReg(XPAR_MEMORY_CTRL_0_S00_AXI_BASEADDR, 8,0x00000000);//data not ready
                       ^
../../hw06_bsp/ps7_cortexa9_0/include/controller.h:35:15: note: in definition of macro 'CONTROLLER_mWriteReg'
    Xil_Out32((BaseAddress) + (RegOffset), (u32)(Data))
               ^~~~~~~~~~~
../src/main.c:36:2: warning: implicit declaration of function 'MEMORY_CTRL_mWriteReg'; did you mean 'CONTROLLER_mWriteReg'? [-Wimplicit-function-declaration]
  MEMORY_CTRL_mWriteReg(XPAR_MEMORY_CTRL_0_S00_AXI_BASEADDR, 8, 0x00000001); //data ready
  ^~~~~~~~~~~~~~~~~~~~~
  CONTROLLER_mWriteReg
../src/main.c:25:6: warning: unused variable 'temp2' [-Wunused-variable]
  u32 temp2;
      ^~~~~
../src/main.c:24:6: warning: unused variable 'temp1' [-Wunused-variable]
  u32 temp1;
      ^~~~~
In file included from ../src/main.c:11:0:
../src/main.c: In function 'write_data':
../src/main.c:180:23: error: 'XPAR_MEMORY_CTRL_0_S00_AXI_BASEADDR' undeclared (first use in this function); did you mean 'XPAR_CONTROLLER_0_S00_AXI_BASEADDR'?
  CONTROLLER_mWriteReg(XPAR_MEMORY_CTRL_0_S00_AXI_BASEADDR, 0x00000000, data);
                       ^
../../hw06_bsp/ps7_cortexa9_0/include/controller.h:35:15: note: in definition of macro 'CONTROLLER_mWriteReg'
    Xil_Out32((BaseAddress) + (RegOffset), (u32)(Data))
               ^~~~~~~~~~~
../src/main.c:189:7: warning: implicit declaration of function 'MEMORY_CTRL_mReadReg'; did you mean 'CONTROLLER_mReadReg'? [-Wimplicit-function-declaration]
   ans=MEMORY_CTRL_mReadReg(XPAR_MEMORY_CTRL_0_S00_AXI_BASEADDR, 0x0000000C);
       ^~~~~~~~~~~~~~~~~~~~
       CONTROLLER_mReadReg
../src/main.c: In function 'read_data':
../src/main.c:197:27: error: 'XPAR_MEMORY_CTRL_0_S00_AXI_BASEADDR' undeclared (first use in this function); did you mean 'XPAR_CONTROLLER_0_S00_AXI_BASEADDR'?
  ans=MEMORY_CTRL_mReadReg(XPAR_MEMORY_CTRL_0_S00_AXI_BASEADDR, address);
                           ^~~~~~~~~~~~~~~~~~~~~~~~~~~~~~~~~~~
                           XPAR_CONTROLLER_0_S00_AXI_BASEADDR
make: *** [src/subdir.mk:23: src/main.o] Error 1
17:39:34 **** Auto Build of configuration Debug for project hw06 ****
make pre-build main-build 
a9-linaro-pre-build-step
' '
'Building file: ../src/main.c'
'Invoking: ARM v7 gcc compiler'
arm-none-eabi-gcc -Wall -O0 -g3 -c -fmessage-length=0 -MT"src/main.o" -mcpu=cortex-a9 -mfpu=vfpv3 -mfloat-abi=hard -I../../hw06_bsp/ps7_cortexa9_0/include -MMD -MP -MF"src/main.d" -MT"src/main.o" -o "src/main.o" "../src/main.c"
In file included from ../src/main.c:11:0:
../src/main.c: In function 'main':
../src/main.c:28:23: error: 'XPAR_MEMORY_CTRL_0_S00_AXI_BASEADDR' undeclared (first use in this function); did you mean 'XPAR_CONTROLLER_0_S00_AXI_BASEADDR'?
  CONTROLLER_mWriteReg(XPAR_MEMORY_CTRL_0_S00_AXI_BASEADDR, 8,0x00000000);//data not ready
                       ^
../../hw06_bsp/ps7_cortexa9_0/include/controller.h:35:15: note: in definition of macro 'CONTROLLER_mWriteReg'
    Xil_Out32((BaseAddress) + (RegOffset), (u32)(Data))
               ^~~~~~~~~~~
../src/main.c:28:23: note: each undeclared identifier is reported only once for each function it appears in
  CONTROLLER_mWriteReg(XPAR_MEMORY_CTRL_0_S00_AXI_BASEADDR, 8,0x00000000);//data not ready
                       ^
../../hw06_bsp/ps7_cortexa9_0/include/controller.h:35:15: note: in definition of macro 'CONTROLLER_mWriteReg'
    Xil_Out32((BaseAddress) + (RegOffset), (u32)(Data))
               ^~~~~~~~~~~
../src/main.c:25:6: warning: unused variable 'temp2' [-Wunused-variable]
  u32 temp2;
      ^~~~~
../src/main.c:24:6: warning: unused variable 'temp1' [-Wunused-variable]
  u32 temp1;
      ^~~~~
In file included from ../src/main.c:11:0:
../src/main.c: In function 'write_data':
../src/main.c:180:23: error: 'XPAR_MEMORY_CTRL_0_S00_AXI_BASEADDR' undeclared (first use in this function); did you mean 'XPAR_CONTROLLER_0_S00_AXI_BASEADDR'?
  CONTROLLER_mWriteReg(XPAR_MEMORY_CTRL_0_S00_AXI_BASEADDR, 0x00000000, data);
                       ^
../../hw06_bsp/ps7_cortexa9_0/include/controller.h:35:15: note: in definition of macro 'CONTROLLER_mWriteReg'
    Xil_Out32((BaseAddress) + (RegOffset), (u32)(Data))
               ^~~~~~~~~~~
../src/main.c:181:2: warning: implicit declaration of function 'MEMORY_CTRL_mWriteReg'; did you mean 'CONTROLLER_mWriteReg'? [-Wimplicit-function-declaration]
  MEMORY_CTRL_mWriteReg(XPAR_MEMORY_CTRL_0_S00_AXI_BASEADDR, 0x00000004, address);
  ^~~~~~~~~~~~~~~~~~~~~
  CONTROLLER_mWriteReg
../src/main.c:189:7: warning: implicit declaration of function 'MEMORY_CTRL_mReadReg'; did you mean 'CONTROLLER_mReadReg'? [-Wimplicit-function-declaration]
   ans=MEMORY_CTRL_mReadReg(XPAR_MEMORY_CTRL_0_S00_AXI_BASEADDR, 0x0000000C);
       ^~~~~~~~~~~~~~~~~~~~
       CONTROLLER_mReadReg
../src/main.c: In function 'read_data':
../src/main.c:197:27: error: 'XPAR_MEMORY_CTRL_0_S00_AXI_BASEADDR' undeclared (first use in this function); did you mean 'XPAR_CONTROLLER_0_S00_AXI_BASEADDR'?
  ans=MEMORY_CTRL_mReadReg(XPAR_MEMORY_CTRL_0_S00_AXI_BASEADDR, address);
                           ^~~~~~~~~~~~~~~~~~~~~~~~~~~~~~~~~~~
                           XPAR_CONTROLLER_0_S00_AXI_BASEADDR
make: *** [src/subdir.mk:23: src/main.o] Error 1
17:40:22 **** Auto Build of configuration Debug for project hw06 ****
make pre-build main-build 
a9-linaro-pre-build-step
' '
'Building file: ../src/main.c'
'Invoking: ARM v7 gcc compiler'
arm-none-eabi-gcc -Wall -O0 -g3 -c -fmessage-length=0 -MT"src/main.o" -mcpu=cortex-a9 -mfpu=vfpv3 -mfloat-abi=hard -I../../hw06_bsp/ps7_cortexa9_0/include -MMD -MP -MF"src/main.d" -MT"src/main.o" -o "src/main.o" "../src/main.c"
In file included from ../src/main.c:11:0:
../src/main.c: In function 'main':
../src/main.c:28:23: error: 'XPAR_MEMORY_CTRL_0_S00_AXI_BASEADDR' undeclared (first use in this function); did you mean 'XPAR_CONTROLLER_0_S00_AXI_BASEADDR'?
  CONTROLLER_mWriteReg(XPAR_MEMORY_CTRL_0_S00_AXI_BASEADDR, 8,0x00000000);//data not ready
                       ^
../../hw06_bsp/ps7_cortexa9_0/include/controller.h:35:15: note: in definition of macro 'CONTROLLER_mWriteReg'
    Xil_Out32((BaseAddress) + (RegOffset), (u32)(Data))
               ^~~~~~~~~~~
../src/main.c:28:23: note: each undeclared identifier is reported only once for each function it appears in
  CONTROLLER_mWriteReg(XPAR_MEMORY_CTRL_0_S00_AXI_BASEADDR, 8,0x00000000);//data not ready
                       ^
../../hw06_bsp/ps7_cortexa9_0/include/controller.h:35:15: note: in definition of macro 'CONTROLLER_mWriteReg'
    Xil_Out32((BaseAddress) + (RegOffset), (u32)(Data))
               ^~~~~~~~~~~
../src/main.c:25:6: warning: unused variable 'temp2' [-Wunused-variable]
  u32 temp2;
      ^~~~~
../src/main.c:24:6: warning: unused variable 'temp1' [-Wunused-variable]
  u32 temp1;
      ^~~~~
In file included from ../src/main.c:11:0:
../src/main.c: In function 'write_data':
../src/main.c:180:23: error: 'XPAR_MEMORY_CTRL_0_S00_AXI_BASEADDR' undeclared (first use in this function); did you mean 'XPAR_CONTROLLER_0_S00_AXI_BASEADDR'?
  CONTROLLER_mWriteReg(XPAR_MEMORY_CTRL_0_S00_AXI_BASEADDR, 0x00000000, data);
                       ^
../../hw06_bsp/ps7_cortexa9_0/include/controller.h:35:15: note: in definition of macro 'CONTROLLER_mWriteReg'
    Xil_Out32((BaseAddress) + (RegOffset), (u32)(Data))
               ^~~~~~~~~~~
../src/main.c: In function 'read_data':
../src/main.c:197:6: warning: implicit declaration of function 'MEMORY_CTRL_mReadReg'; did you mean 'CONTROLLER_mReadReg'? [-Wimplicit-function-declaration]
  ans=MEMORY_CTRL_mReadReg(XPAR_MEMORY_CTRL_0_S00_AXI_BASEADDR, address);
      ^~~~~~~~~~~~~~~~~~~~
      CONTROLLER_mReadReg
../src/main.c:197:27: error: 'XPAR_MEMORY_CTRL_0_S00_AXI_BASEADDR' undeclared (first use in this function); did you mean 'XPAR_CONTROLLER_0_S00_AXI_BASEADDR'?
  ans=MEMORY_CTRL_mReadReg(XPAR_MEMORY_CTRL_0_S00_AXI_BASEADDR, address);
                           ^~~~~~~~~~~~~~~~~~~~~~~~~~~~~~~~~~~
                           XPAR_CONTROLLER_0_S00_AXI_BASEADDR
make: *** [src/subdir.mk:23: src/main.o] Error 1
17:42:27 **** Auto Build of configuration Debug for project hw06 ****
make pre-build main-build 
a9-linaro-pre-build-step
' '
'Building file: ../src/main.c'
'Invoking: ARM v7 gcc compiler'
arm-none-eabi-gcc -Wall -O0 -g3 -c -fmessage-length=0 -MT"src/main.o" -mcpu=cortex-a9 -mfpu=vfpv3 -mfloat-abi=hard -I../../hw06_bsp/ps7_cortexa9_0/include -MMD -MP -MF"src/main.d" -MT"src/main.o" -o "src/main.o" "../src/main.c"
In file included from ../src/main.c:11:0:
../src/main.c: In function 'main':
../src/main.c:28:23: error: 'XPAR_MEMORY_CTRL_0_S00_AXI_BASEADDR' undeclared (first use in this function); did you mean 'XPAR_CONTROLLER_0_S00_AXI_BASEADDR'?
  CONTROLLER_mWriteReg(XPAR_MEMORY_CTRL_0_S00_AXI_BASEADDR, 8,0x00000000);//data not ready
                       ^
../../hw06_bsp/ps7_cortexa9_0/include/controller.h:35:15: note: in definition of macro 'CONTROLLER_mWriteReg'
    Xil_Out32((BaseAddress) + (RegOffset), (u32)(Data))
               ^~~~~~~~~~~
../src/main.c:28:23: note: each undeclared identifier is reported only once for each function it appears in
  CONTROLLER_mWriteReg(XPAR_MEMORY_CTRL_0_S00_AXI_BASEADDR, 8,0x00000000);//data not ready
                       ^
../../hw06_bsp/ps7_cortexa9_0/include/controller.h:35:15: note: in definition of macro 'CONTROLLER_mWriteReg'
    Xil_Out32((BaseAddress) + (RegOffset), (u32)(Data))
               ^~~~~~~~~~~
../src/main.c:25:6: warning: unused variable 'temp2' [-Wunused-variable]
  u32 temp2;
      ^~~~~
../src/main.c:24:6: warning: unused variable 'temp1' [-Wunused-variable]
  u32 temp1;
      ^~~~~
In file included from ../src/main.c:11:0:
../src/main.c: In function 'write_data':
../src/main.c:180:23: error: 'XPAR_MEMORY_CTRL_0_S00_AXI_BASEADDR' undeclared (first use in this function); did you mean 'XPAR_CONTROLLER_0_S00_AXI_BASEADDR'?
  CONTROLLER_mWriteReg(XPAR_MEMORY_CTRL_0_S00_AXI_BASEADDR, 0x00000000, data);
                       ^
../../hw06_bsp/ps7_cortexa9_0/include/controller.h:35:15: note: in definition of macro 'CONTROLLER_mWriteReg'
    Xil_Out32((BaseAddress) + (RegOffset), (u32)(Data))
               ^~~~~~~~~~~
../src/main.c: In function 'read_data':
../src/main.c:197:26: error: 'XPAR_MEMORY_CTRL_0_S00_AXI_BASEADDR' undeclared (first use in this function); did you mean 'XPAR_CONTROLLER_0_S00_AXI_BASEADDR'?
  ans=CONTROLLER_mReadReg(XPAR_MEMORY_CTRL_0_S00_AXI_BASEADDR, address);
                          ^
../../hw06_bsp/ps7_cortexa9_0/include/controller.h:55:15: note: in definition of macro 'CONTROLLER_mReadReg'
     Xil_In32((BaseAddress) + (RegOffset))
               ^~~~~~~~~~~
make: *** [src/subdir.mk:23: src/main.o] Error 1
14:48:57 **** Clean-only build of configuration Debug for project hw06 ****
make clean 
rm -rf  ./src/main.o  ./src/main.d  hw06.elf.size  hw06.elf
' '
14:48:58 **** Auto Build of configuration Debug for project hw06 ****
make pre-build main-build 
a9-linaro-pre-build-step
' '
'Building file: ../src/main.c'
'Invoking: ARM v7 gcc compiler'
arm-none-eabi-gcc -Wall -O0 -g3 -c -fmessage-length=0 -MT"src/main.o" -mcpu=cortex-a9 -mfpu=vfpv3 -mfloat-abi=hard -I../../hw06_bsp/ps7_cortexa9_0/include -MMD -MP -MF"src/main.d" -MT"src/main.o" -o "src/main.o" "../src/main.c"
In file included from ../src/main.c:11:0:
../src/main.c: In function 'main':
../src/main.c:36:23: error: 'XPAR_MEMORY_CTRL_0_S00_AXI_BASEADDR' undeclared (first use in this function); did you mean 'XPAR_CONTROLLER_0_S00_AXI_BASEADDR'?
  CONTROLLER_mWriteReg(XPAR_MEMORY_CTRL_0_S00_AXI_BASEADDR, 8, 0x00000001); //data ready
                       ^
../../hw06_bsp/ps7_cortexa9_0/include/controller.h:35:15: note: in definition of macro 'CONTROLLER_mWriteReg'
    Xil_Out32((BaseAddress) + (RegOffset), (u32)(Data))
               ^~~~~~~~~~~
../src/main.c:36:23: note: each undeclared identifier is reported only once for each function it appears in
  CONTROLLER_mWriteReg(XPAR_MEMORY_CTRL_0_S00_AXI_BASEADDR, 8, 0x00000001); //data ready
                       ^
../../hw06_bsp/ps7_cortexa9_0/include/controller.h:35:15: note: in definition of macro 'CONTROLLER_mWriteReg'
    Xil_Out32((BaseAddress) + (RegOffset), (u32)(Data))
               ^~~~~~~~~~~
../src/main.c:25:6: warning: unused variable 'temp2' [-Wunused-variable]
  u32 temp2;
      ^~~~~
../src/main.c:24:6: warning: unused variable 'temp1' [-Wunused-variable]
  u32 temp1;
      ^~~~~
In file included from ../src/main.c:11:0:
../src/main.c: In function 'write_data':
../src/main.c:180:23: error: 'XPAR_MEMORY_CTRL_0_S00_AXI_BASEADDR' undeclared (first use in this function); did you mean 'XPAR_CONTROLLER_0_S00_AXI_BASEADDR'?
  CONTROLLER_mWriteReg(XPAR_MEMORY_CTRL_0_S00_AXI_BASEADDR, 0x00000000, data);
                       ^
../../hw06_bsp/ps7_cortexa9_0/include/controller.h:35:15: note: in definition of macro 'CONTROLLER_mWriteReg'
    Xil_Out32((BaseAddress) + (RegOffset), (u32)(Data))
               ^~~~~~~~~~~
../src/main.c: In function 'read_data':
../src/main.c:197:26: error: 'XPAR_MEMORY_CTRL_0_S00_AXI_BASEADDR' undeclared (first use in this function); did you mean 'XPAR_CONTROLLER_0_S00_AXI_BASEADDR'?
  ans=CONTROLLER_mReadReg(XPAR_MEMORY_CTRL_0_S00_AXI_BASEADDR, address);
                          ^
../../hw06_bsp/ps7_cortexa9_0/include/controller.h:55:15: note: in definition of macro 'CONTROLLER_mReadReg'
     Xil_In32((BaseAddress) + (RegOffset))
               ^~~~~~~~~~~
make: *** [src/subdir.mk:23: src/main.o] Error 1
14:49:16 **** Auto Build of configuration Debug for project hw06 ****
make pre-build main-build 
a9-linaro-pre-build-step
' '
'Building file: ../src/main.c'
'Invoking: ARM v7 gcc compiler'
arm-none-eabi-gcc -Wall -O0 -g3 -c -fmessage-length=0 -MT"src/main.o" -mcpu=cortex-a9 -mfpu=vfpv3 -mfloat-abi=hard -I../../hw06_bsp/ps7_cortexa9_0/include -MMD -MP -MF"src/main.d" -MT"src/main.o" -o "src/main.o" "../src/main.c"
In file included from ../src/main.c:11:0:
../src/main.c: In function 'main':
../src/main.c:36:23: error: 'XPAR_MEMORY_CTRL_0_S00_AXI_BASEADDR' undeclared (first use in this function); did you mean 'XPAR_CONTROLLER_0_S00_AXI_BASEADDR'?
  CONTROLLER_mWriteReg(XPAR_MEMORY_CTRL_0_S00_AXI_BASEADDR, 8, 0x00000001); //data ready
                       ^
../../hw06_bsp/ps7_cortexa9_0/include/controller.h:35:15: note: in definition of macro 'CONTROLLER_mWriteReg'
    Xil_Out32((BaseAddress) + (RegOffset), (u32)(Data))
               ^~~~~~~~~~~
../src/main.c:36:23: note: each undeclared identifier is reported only once for each function it appears in
  CONTROLLER_mWriteReg(XPAR_MEMORY_CTRL_0_S00_AXI_BASEADDR, 8, 0x00000001); //data ready
                       ^
../../hw06_bsp/ps7_cortexa9_0/include/controller.h:35:15: note: in definition of macro 'CONTROLLER_mWriteReg'
    Xil_Out32((BaseAddress) + (RegOffset), (u32)(Data))
               ^~~~~~~~~~~
../src/main.c:25:6: warning: unused variable 'temp2' [-Wunused-variable]
  u32 temp2;
      ^~~~~
../src/main.c:24:6: warning: unused variable 'temp1' [-Wunused-variable]
  u32 temp1;
      ^~~~~
In file included from ../src/main.c:11:0:
../src/main.c: In function 'write_data':
../src/main.c:180:23: error: 'XPAR_MEMORY_CTRL_0_S00_AXI_BASEADDR' undeclared (first use in this function); did you mean 'XPAR_CONTROLLER_0_S00_AXI_BASEADDR'?
  CONTROLLER_mWriteReg(XPAR_MEMORY_CTRL_0_S00_AXI_BASEADDR, 0x00000000, data);
                       ^
../../hw06_bsp/ps7_cortexa9_0/include/controller.h:35:15: note: in definition of macro 'CONTROLLER_mWriteReg'
    Xil_Out32((BaseAddress) + (RegOffset), (u32)(Data))
               ^~~~~~~~~~~
../src/main.c: In function 'read_data':
../src/main.c:197:26: error: 'XPAR_MEMORY_CTRL_0_S00_AXI_BASEADDR' undeclared (first use in this function); did you mean 'XPAR_CONTROLLER_0_S00_AXI_BASEADDR'?
  ans=CONTROLLER_mReadReg(XPAR_MEMORY_CTRL_0_S00_AXI_BASEADDR, address);
                          ^
../../hw06_bsp/ps7_cortexa9_0/include/controller.h:55:15: note: in definition of macro 'CONTROLLER_mReadReg'
     Xil_In32((BaseAddress) + (RegOffset))
               ^~~~~~~~~~~
make: *** [src/subdir.mk:23: src/main.o] Error 1
14:49:33 **** Auto Build of configuration Debug for project hw06 ****
make pre-build main-build 
a9-linaro-pre-build-step
' '
'Building file: ../src/main.c'
'Invoking: ARM v7 gcc compiler'
arm-none-eabi-gcc -Wall -O0 -g3 -c -fmessage-length=0 -MT"src/main.o" -mcpu=cortex-a9 -mfpu=vfpv3 -mfloat-abi=hard -I../../hw06_bsp/ps7_cortexa9_0/include -MMD -MP -MF"src/main.d" -MT"src/main.o" -o "src/main.o" "../src/main.c"
In file included from ../src/main.c:11:0:
../src/main.c: In function 'main':
../src/main.c:28:23: error: 'XPAR_MEMORY_CTRL_0_S00_AXI_BASEADDR' undeclared (first use in this function); did you mean 'XPAR_CONTROLLER_0_S00_AXI_BASEADDR'?
  CONTROLLER_mWriteReg(XPAR_MEMORY_CTRL_0_S00_AXI_BASEADDR, 8,0x00000000);//data not ready
                       ^
../../hw06_bsp/ps7_cortexa9_0/include/controller.h:35:15: note: in definition of macro 'CONTROLLER_mWriteReg'
    Xil_Out32((BaseAddress) + (RegOffset), (u32)(Data))
               ^~~~~~~~~~~
../src/main.c:28:23: note: each undeclared identifier is reported only once for each function it appears in
  CONTROLLER_mWriteReg(XPAR_MEMORY_CTRL_0_S00_AXI_BASEADDR, 8,0x00000000);//data not ready
                       ^
../../hw06_bsp/ps7_cortexa9_0/include/controller.h:35:15: note: in definition of macro 'CONTROLLER_mWriteReg'
    Xil_Out32((BaseAddress) + (RegOffset), (u32)(Data))
               ^~~~~~~~~~~
../src/main.c:25:6: warning: unused variable 'temp2' [-Wunused-variable]
  u32 temp2;
      ^~~~~
../src/main.c:24:6: warning: unused variable 'temp1' [-Wunused-variable]
  u32 temp1;
      ^~~~~
In file included from ../src/main.c:11:0:
../src/main.c: In function 'write_data':
../src/main.c:180:23: error: 'XPAR_MEMORY_CTRL_0_S00_AXI_BASEADDR' undeclared (first use in this function); did you mean 'XPAR_CONTROLLER_0_S00_AXI_BASEADDR'?
  CONTROLLER_mWriteReg(XPAR_MEMORY_CTRL_0_S00_AXI_BASEADDR, 0x00000000, data);
                       ^
../../hw06_bsp/ps7_cortexa9_0/include/controller.h:35:15: note: in definition of macro 'CONTROLLER_mWriteReg'
    Xil_Out32((BaseAddress) + (RegOffset), (u32)(Data))
               ^~~~~~~~~~~
../src/main.c: In function 'read_data':
../src/main.c:197:26: error: 'XPAR_MEMORY_CTRL_0_S00_AXI_BASEADDR' undeclared (first use in this function); did you mean 'XPAR_CONTROLLER_0_S00_AXI_BASEADDR'?
  ans=CONTROLLER_mReadReg(XPAR_MEMORY_CTRL_0_S00_AXI_BASEADDR, address);
                          ^
../../hw06_bsp/ps7_cortexa9_0/include/controller.h:55:15: note: in definition of macro 'CONTROLLER_mReadReg'
     Xil_In32((BaseAddress) + (RegOffset))
               ^~~~~~~~~~~
make: *** [src/subdir.mk:23: src/main.o] Error 1
14:49:44 **** Auto Build of configuration Debug for project hw06 ****
make pre-build main-build 
a9-linaro-pre-build-step
' '
'Building file: ../src/main.c'
'Invoking: ARM v7 gcc compiler'
arm-none-eabi-gcc -Wall -O0 -g3 -c -fmessage-length=0 -MT"src/main.o" -mcpu=cortex-a9 -mfpu=vfpv3 -mfloat-abi=hard -I../../hw06_bsp/ps7_cortexa9_0/include -MMD -MP -MF"src/main.d" -MT"src/main.o" -o "src/main.o" "../src/main.c"
In file included from ../src/main.c:11:0:
../src/main.c: In function 'main':
../src/main.c:36:23: error: 'XPAR_MEMORY_CTRL_0_S00_AXI_BASEADDR' undeclared (first use in this function); did you mean 'XPAR_CONTROLLER_0_S00_AXI_BASEADDR'?
  CONTROLLER_mWriteReg(XPAR_MEMORY_CTRL_0_S00_AXI_BASEADDR, 8, 0x00000001); //data ready
                       ^
../../hw06_bsp/ps7_cortexa9_0/include/controller.h:35:15: note: in definition of macro 'CONTROLLER_mWriteReg'
    Xil_Out32((BaseAddress) + (RegOffset), (u32)(Data))
               ^~~~~~~~~~~
../src/main.c:36:23: note: each undeclared identifier is reported only once for each function it appears in
  CONTROLLER_mWriteReg(XPAR_MEMORY_CTRL_0_S00_AXI_BASEADDR, 8, 0x00000001); //data ready
                       ^
../../hw06_bsp/ps7_cortexa9_0/include/controller.h:35:15: note: in definition of macro 'CONTROLLER_mWriteReg'
    Xil_Out32((BaseAddress) + (RegOffset), (u32)(Data))
               ^~~~~~~~~~~
../src/main.c:25:6: warning: unused variable 'temp2' [-Wunused-variable]
  u32 temp2;
      ^~~~~
../src/main.c:24:6: warning: unused variable 'temp1' [-Wunused-variable]
  u32 temp1;
      ^~~~~
In file included from ../src/main.c:11:0:
../src/main.c: In function 'write_data':
../src/main.c:180:23: error: 'XPAR_MEMORY_CTRL_0_S00_AXI_BASEADDR' undeclared (first use in this function); did you mean 'XPAR_CONTROLLER_0_S00_AXI_BASEADDR'?
  CONTROLLER_mWriteReg(XPAR_MEMORY_CTRL_0_S00_AXI_BASEADDR, 0x00000000, data);
                       ^
../../hw06_bsp/ps7_cortexa9_0/include/controller.h:35:15: note: in definition of macro 'CONTROLLER_mWriteReg'
    Xil_Out32((BaseAddress) + (RegOffset), (u32)(Data))
               ^~~~~~~~~~~
../src/main.c: In function 'read_data':
../src/main.c:197:26: error: 'XPAR_MEMORY_CTRL_0_S00_AXI_BASEADDR' undeclared (first use in this function); did you mean 'XPAR_CONTROLLER_0_S00_AXI_BASEADDR'?
  ans=CONTROLLER_mReadReg(XPAR_MEMORY_CTRL_0_S00_AXI_BASEADDR, address);
                          ^
../../hw06_bsp/ps7_cortexa9_0/include/controller.h:55:15: note: in definition of macro 'CONTROLLER_mReadReg'
     Xil_In32((BaseAddress) + (RegOffset))
               ^~~~~~~~~~~
make: *** [src/subdir.mk:23: src/main.o] Error 1
14:49:52 **** Auto Build of configuration Debug for project hw06 ****
make pre-build main-build 
a9-linaro-pre-build-step
' '
'Building file: ../src/main.c'
'Invoking: ARM v7 gcc compiler'
arm-none-eabi-gcc -Wall -O0 -g3 -c -fmessage-length=0 -MT"src/main.o" -mcpu=cortex-a9 -mfpu=vfpv3 -mfloat-abi=hard -I../../hw06_bsp/ps7_cortexa9_0/include -MMD -MP -MF"src/main.d" -MT"src/main.o" -o "src/main.o" "../src/main.c"
../src/main.c: In function 'main':
../src/main.c:25:6: warning: unused variable 'temp2' [-Wunused-variable]
  u32 temp2;
      ^~~~~
../src/main.c:24:6: warning: unused variable 'temp1' [-Wunused-variable]
  u32 temp1;
      ^~~~~
In file included from ../src/main.c:11:0:
../src/main.c: In function 'write_data':
../src/main.c:180:23: error: 'XPAR_MEMORY_CTRL_0_S00_AXI_BASEADDR' undeclared (first use in this function); did you mean 'XPAR_CONTROLLER_0_S00_AXI_BASEADDR'?
  CONTROLLER_mWriteReg(XPAR_MEMORY_CTRL_0_S00_AXI_BASEADDR, 0x00000000, data);
                       ^
../../hw06_bsp/ps7_cortexa9_0/include/controller.h:35:15: note: in definition of macro 'CONTROLLER_mWriteReg'
    Xil_Out32((BaseAddress) + (RegOffset), (u32)(Data))
               ^~~~~~~~~~~
../src/main.c:180:23: note: each undeclared identifier is reported only once for each function it appears in
  CONTROLLER_mWriteReg(XPAR_MEMORY_CTRL_0_S00_AXI_BASEADDR, 0x00000000, data);
                       ^
../../hw06_bsp/ps7_cortexa9_0/include/controller.h:35:15: note: in definition of macro 'CONTROLLER_mWriteReg'
    Xil_Out32((BaseAddress) + (RegOffset), (u32)(Data))
               ^~~~~~~~~~~
../src/main.c: In function 'read_data':
../src/main.c:197:26: error: 'XPAR_MEMORY_CTRL_0_S00_AXI_BASEADDR' undeclared (first use in this function); did you mean 'XPAR_CONTROLLER_0_S00_AXI_BASEADDR'?
  ans=CONTROLLER_mReadReg(XPAR_MEMORY_CTRL_0_S00_AXI_BASEADDR, address);
                          ^
../../hw06_bsp/ps7_cortexa9_0/include/controller.h:55:15: note: in definition of macro 'CONTROLLER_mReadReg'
     Xil_In32((BaseAddress) + (RegOffset))
               ^~~~~~~~~~~
make: *** [src/subdir.mk:23: src/main.o] Error 1
14:50:10 **** Auto Build of configuration Debug for project hw06 ****
make pre-build main-build 
a9-linaro-pre-build-step
' '
'Building file: ../src/main.c'
'Invoking: ARM v7 gcc compiler'
arm-none-eabi-gcc -Wall -O0 -g3 -c -fmessage-length=0 -MT"src/main.o" -mcpu=cortex-a9 -mfpu=vfpv3 -mfloat-abi=hard -I../../hw06_bsp/ps7_cortexa9_0/include -MMD -MP -MF"src/main.d" -MT"src/main.o" -o "src/main.o" "../src/main.c"
../src/main.c: In function 'main':
../src/main.c:25:6: warning: unused variable 'temp2' [-Wunused-variable]
  u32 temp2;
      ^~~~~
../src/main.c:24:6: warning: unused variable 'temp1' [-Wunused-variable]
  u32 temp1;
      ^~~~~
In file included from ../src/main.c:11:0:
../src/main.c: In function 'read_data':
../src/main.c:197:26: error: 'XPAR_MEMORY_CTRL_0_S00_AXI_BASEADDR' undeclared (first use in this function); did you mean 'XPAR_CONTROLLER_0_S00_AXI_BASEADDR'?
  ans=CONTROLLER_mReadReg(XPAR_MEMORY_CTRL_0_S00_AXI_BASEADDR, address);
                          ^
../../hw06_bsp/ps7_cortexa9_0/include/controller.h:55:15: note: in definition of macro 'CONTROLLER_mReadReg'
     Xil_In32((BaseAddress) + (RegOffset))
               ^~~~~~~~~~~
../src/main.c:197:26: note: each undeclared identifier is reported only once for each function it appears in
  ans=CONTROLLER_mReadReg(XPAR_MEMORY_CTRL_0_S00_AXI_BASEADDR, address);
                          ^
../../hw06_bsp/ps7_cortexa9_0/include/controller.h:55:15: note: in definition of macro 'CONTROLLER_mReadReg'
     Xil_In32((BaseAddress) + (RegOffset))
               ^~~~~~~~~~~
make: *** [src/subdir.mk:23: src/main.o] Error 1
14:50:14 **** Auto Build of configuration Debug for project hw06 ****
make pre-build main-build 
a9-linaro-pre-build-step
' '
'Building file: ../src/main.c'
'Invoking: ARM v7 gcc compiler'
arm-none-eabi-gcc -Wall -O0 -g3 -c -fmessage-length=0 -MT"src/main.o" -mcpu=cortex-a9 -mfpu=vfpv3 -mfloat-abi=hard -I../../hw06_bsp/ps7_cortexa9_0/include -MMD -MP -MF"src/main.d" -MT"src/main.o" -o "src/main.o" "../src/main.c"
../src/main.c: In function 'main':
../src/main.c:25:6: warning: unused variable 'temp2' [-Wunused-variable]
  u32 temp2;
      ^~~~~
../src/main.c:24:6: warning: unused variable 'temp1' [-Wunused-variable]
  u32 temp1;
      ^~~~~
'Finished building: ../src/main.c'
' '
'Building target: hw06.elf'
'Invoking: ARM v7 gcc linker'
arm-none-eabi-gcc -mcpu=cortex-a9 -mfpu=vfpv3 -mfloat-abi=hard -Wl,-build-id=none -specs=Xilinx.spec -Wl,-T -Wl,../src/lscript.ld -L../../hw06_bsp/ps7_cortexa9_0/lib -o "hw06.elf"  ./src/main.o   -Wl,--start-group,-lxil,-lgcc,-lc,--end-group
'Finished building target: hw06.elf'
' '
'Invoking: ARM v7 Print Size'
arm-none-eabi-size hw06.elf  |tee "hw06.elf.size"
   text	   data	    bss	    dec	    hex	filename
  72924	   2580	  23328	  98832	  18210	hw06.elf
'Finished building: hw06.elf.size'
' '
14:53:51 **** Auto Build of configuration Debug for project hw06 ****
make pre-build main-build 
a9-linaro-pre-build-step
' '
'Building file: ../src/main.c'
'Invoking: ARM v7 gcc compiler'
arm-none-eabi-gcc -Wall -O0 -g3 -c -fmessage-length=0 -MT"src/main.o" -mcpu=cortex-a9 -mfpu=vfpv3 -mfloat-abi=hard -I../../hw06_bsp/ps7_cortexa9_0/include -MMD -MP -MF"src/main.d" -MT"src/main.o" -o "src/main.o" "../src/main.c"
../src/main.c: In function 'main':
../src/main.c:25:6: warning: unused variable 'temp2' [-Wunused-variable]
  u32 temp2;
      ^~~~~
../src/main.c:24:6: warning: unused variable 'temp1' [-Wunused-variable]
  u32 temp1;
      ^~~~~
'Finished building: ../src/main.c'
' '
'Building target: hw06.elf'
'Invoking: ARM v7 gcc linker'
arm-none-eabi-gcc -mcpu=cortex-a9 -mfpu=vfpv3 -mfloat-abi=hard -Wl,-build-id=none -specs=Xilinx.spec -Wl,-T -Wl,../src/lscript.ld -L../../hw06_bsp/ps7_cortexa9_0/lib -o "hw06.elf"  ./src/main.o   -Wl,--start-group,-lxil,-lgcc,-lc,--end-group
'Finished building target: hw06.elf'
' '
'Invoking: ARM v7 Print Size'
arm-none-eabi-size hw06.elf  |tee "hw06.elf.size"
   text	   data	    bss	    dec	    hex	filename
  72924	   2580	  23328	  98832	  18210	hw06.elf
'Finished building: hw06.elf.size'
' '
14:55:19 **** Auto Build of configuration Debug for project hw06 ****
make pre-build main-build 
a9-linaro-pre-build-step
' '
'Building file: ../src/main.c'
'Invoking: ARM v7 gcc compiler'
arm-none-eabi-gcc -Wall -O0 -g3 -c -fmessage-length=0 -MT"src/main.o" -mcpu=cortex-a9 -mfpu=vfpv3 -mfloat-abi=hard -I../../hw06_bsp/ps7_cortexa9_0/include -MMD -MP -MF"src/main.d" -MT"src/main.o" -o "src/main.o" "../src/main.c"
../src/main.c: In function 'main':
../src/main.c:25:6: warning: unused variable 'temp2' [-Wunused-variable]
  u32 temp2;
      ^~~~~
../src/main.c:24:6: warning: unused variable 'temp1' [-Wunused-variable]
  u32 temp1;
      ^~~~~
'Finished building: ../src/main.c'
' '
'Building target: hw06.elf'
'Invoking: ARM v7 gcc linker'
arm-none-eabi-gcc -mcpu=cortex-a9 -mfpu=vfpv3 -mfloat-abi=hard -Wl,-build-id=none -specs=Xilinx.spec -Wl,-T -Wl,../src/lscript.ld -L../../hw06_bsp/ps7_cortexa9_0/lib -o "hw06.elf"  ./src/main.o   -Wl,--start-group,-lxil,-lgcc,-lc,--end-group
'Finished building target: hw06.elf'
' '
'Invoking: ARM v7 Print Size'
arm-none-eabi-size hw06.elf  |tee "hw06.elf.size"
   text	   data	    bss	    dec	    hex	filename
  72924	   2580	  23328	  98832	  18210	hw06.elf
'Finished building: hw06.elf.size'
' '
14:56:24 **** Auto Build of configuration Debug for project hw06 ****
make pre-build main-build 
a9-linaro-pre-build-step
' '
'Building file: ../src/main.c'
'Invoking: ARM v7 gcc compiler'
arm-none-eabi-gcc -Wall -O0 -g3 -c -fmessage-length=0 -MT"src/main.o" -mcpu=cortex-a9 -mfpu=vfpv3 -mfloat-abi=hard -I../../hw06_bsp/ps7_cortexa9_0/include -MMD -MP -MF"src/main.d" -MT"src/main.o" -o "src/main.o" "../src/main.c"
../src/main.c: In function 'main':
../src/main.c:38:7: warning: unused variable 'ans' [-Wunused-variable]
   u32 ans;
       ^~~
../src/main.c:25:6: warning: unused variable 'temp2' [-Wunused-variable]
  u32 temp2;
      ^~~~~
../src/main.c:24:6: warning: unused variable 'temp1' [-Wunused-variable]
  u32 temp1;
      ^~~~~
'Finished building: ../src/main.c'
' '
'Building target: hw06.elf'
'Invoking: ARM v7 gcc linker'
arm-none-eabi-gcc -mcpu=cortex-a9 -mfpu=vfpv3 -mfloat-abi=hard -Wl,-build-id=none -specs=Xilinx.spec -Wl,-T -Wl,../src/lscript.ld -L../../hw06_bsp/ps7_cortexa9_0/lib -o "hw06.elf"  ./src/main.o   -Wl,--start-group,-lxil,-lgcc,-lc,--end-group
'Finished building target: hw06.elf'
' '
'Invoking: ARM v7 Print Size'
arm-none-eabi-size hw06.elf  |tee "hw06.elf.size"
   text	   data	    bss	    dec	    hex	filename
  72860	   2580	  23328	  98768	  181d0	hw06.elf
'Finished building: hw06.elf.size'
' '
15:00:44 **** Auto Build of configuration Debug for project hw06 ****
make pre-build main-build 
a9-linaro-pre-build-step
' '
'Building file: ../src/main.c'
'Invoking: ARM v7 gcc compiler'
arm-none-eabi-gcc -Wall -O0 -g3 -c -fmessage-length=0 -MT"src/main.o" -mcpu=cortex-a9 -mfpu=vfpv3 -mfloat-abi=hard -I../../hw06_bsp/ps7_cortexa9_0/include -MMD -MP -MF"src/main.d" -MT"src/main.o" -o "src/main.o" "../src/main.c"
../src/main.c: In function 'main':
../src/main.c:40:7: warning: unused variable 'ans' [-Wunused-variable]
   u32 ans;
       ^~~
../src/main.c:58:11: warning: format '%d' expects argument of type 'int', but argument 2 has type 'u32 {aka long unsigned int}' [-Wformat=]
  printf("%d",b1);
          ~^
          %ld
../src/main.c:59:13: warning: format '%d' expects argument of type 'int', but argument 2 has type 'u32 {aka long unsigned int}' [-Wformat=]
  printf("  %d",b2 );
            ~^
            %ld
../src/main.c:61:11: warning: format '%d' expects argument of type 'int', but argument 2 has type 'u32 {aka long unsigned int}' [-Wformat=]
  printf("%d",b3);
          ~^
          %ld
../src/main.c:62:13: warning: format '%d' expects argument of type 'int', but argument 2 has type 'u32 {aka long unsigned int}' [-Wformat=]
  printf("  %d",b4);
            ~^
            %ld
../src/main.c:65:11: warning: format '%d' expects argument of type 'int', but argument 2 has type 'u32 {aka long unsigned int}' [-Wformat=]
  printf("%d",a1);
          ~^
          %ld
../src/main.c:66:13: warning: format '%d' expects argument of type 'int', but argument 2 has type 'u32 {aka long unsigned int}' [-Wformat=]
  printf("  %d",a2 );
            ~^
            %ld
../src/main.c:68:11: warning: format '%d' expects argument of type 'int', but argument 2 has type 'u32 {aka long unsigned int}' [-Wformat=]
  printf("%d",a3);
          ~^
          %ld
../src/main.c:69:13: warning: format '%d' expects argument of type 'int', but argument 2 has type 'u32 {aka long unsigned int}' [-Wformat=]
  printf("  %d",a4);
            ~^
            %ld
../src/main.c:78:11: warning: format '%d' expects argument of type 'int', but argument 2 has type 'u32 {aka long unsigned int}' [-Wformat=]
  printf("%d",a1);
          ~^
          %ld
../src/main.c:79:13: warning: format '%d' expects argument of type 'int', but argument 2 has type 'u32 {aka long unsigned int}' [-Wformat=]
  printf("  %d",a2 );
            ~^
            %ld
../src/main.c:81:11: warning: format '%d' expects argument of type 'int', but argument 2 has type 'u32 {aka long unsigned int}' [-Wformat=]
  printf("%d",a3);
          ~^
          %ld
../src/main.c:82:13: warning: format '%d' expects argument of type 'int', but argument 2 has type 'u32 {aka long unsigned int}' [-Wformat=]
  printf("  %d",a4);
            ~^
            %ld
../src/main.c:90:11: warning: format '%d' expects argument of type 'int', but argument 2 has type 'u32 {aka long unsigned int}' [-Wformat=]
  printf("%d",a1);
          ~^
          %ld
../src/main.c:91:13: warning: format '%d' expects argument of type 'int', but argument 2 has type 'u32 {aka long unsigned int}' [-Wformat=]
  printf("  %d",a2 );
            ~^
            %ld
../src/main.c:93:11: warning: format '%d' expects argument of type 'int', but argument 2 has type 'u32 {aka long unsigned int}' [-Wformat=]
  printf("%d",a3);
          ~^
          %ld
../src/main.c:94:13: warning: format '%d' expects argument of type 'int', but argument 2 has type 'u32 {aka long unsigned int}' [-Wformat=]
  printf("  %d",a4);
            ~^
            %ld
../src/main.c:118:11: warning: format '%d' expects argument of type 'int', but argument 2 has type 'u32 {aka long unsigned int}' [-Wformat=]
  printf("%d",a1);
          ~^
          %ld
../src/main.c:119:13: warning: format '%d' expects argument of type 'int', but argument 2 has type 'u32 {aka long unsigned int}' [-Wformat=]
  printf("  %d",a2 );
            ~^
            %ld
../src/main.c:121:11: warning: format '%d' expects argument of type 'int', but argument 2 has type 'u32 {aka long unsigned int}' [-Wformat=]
  printf("%d",a3);
          ~^
          %ld
../src/main.c:122:13: warning: format '%d' expects argument of type 'int', but argument 2 has type 'u32 {aka long unsigned int}' [-Wformat=]
  printf("  %d",a4);
            ~^
            %ld
../src/main.c:136:11: warning: format '%d' expects argument of type 'int', but argument 2 has type 'u32 {aka long unsigned int}' [-Wformat=]
  printf("%d",b1);
          ~^
          %ld
../src/main.c:137:13: warning: format '%d' expects argument of type 'int', but argument 2 has type 'u32 {aka long unsigned int}' [-Wformat=]
  printf("  %d",b2 );
            ~^
            %ld
../src/main.c:139:11: warning: format '%d' expects argument of type 'int', but argument 2 has type 'u32 {aka long unsigned int}' [-Wformat=]
  printf("%d",b3);
          ~^
          %ld
../src/main.c:140:13: warning: format '%d' expects argument of type 'int', but argument 2 has type 'u32 {aka long unsigned int}' [-Wformat=]
  printf("  %d",b4);
            ~^
            %ld
../src/main.c:143:11: warning: format '%d' expects argument of type 'int', but argument 2 has type 'u32 {aka long unsigned int}' [-Wformat=]
  printf("%d",a1);
          ~^
          %ld
../src/main.c:144:13: warning: format '%d' expects argument of type 'int', but argument 2 has type 'u32 {aka long unsigned int}' [-Wformat=]
  printf("  %d",a2 );
            ~^
            %ld
../src/main.c:146:11: warning: format '%d' expects argument of type 'int', but argument 2 has type 'u32 {aka long unsigned int}' [-Wformat=]
  printf("%d",a3);
          ~^
          %ld
../src/main.c:147:13: warning: format '%d' expects argument of type 'int', but argument 2 has type 'u32 {aka long unsigned int}' [-Wformat=]
  printf("  %d",a4);
            ~^
            %ld
../src/main.c:162:11: warning: format '%d' expects argument of type 'int', but argument 2 has type 'u32 {aka long unsigned int}' [-Wformat=]
  printf("%d",a1);
          ~^
          %ld
../src/main.c:165:11: warning: format '%d' expects argument of type 'int', but argument 2 has type 'u32 {aka long unsigned int}' [-Wformat=]
  printf("%d",a2 );
          ~^
          %ld
../src/main.c:26:6: warning: unused variable 'temp2' [-Wunused-variable]
  u32 temp2;
      ^~~~~
../src/main.c:25:6: warning: unused variable 'temp1' [-Wunused-variable]
  u32 temp1;
      ^~~~~
../src/main.c:86:4: warning: 'result2' is used uninitialized in this function [-Wuninitialized]
  a1=(result2&0xf0000000)>>28;
  ~~^~~~~~~~~~~~~~~~~~~~~~~~~
../src/main.c:98:25: warning: 'result3' is used uninitialized in this function [-Wuninitialized]
  a1=(result3&0x0000f000)>>12;
     ~~~~~~~~~~~~~~~~~~~~^~~~
../src/main.c:127:4: warning: 'result4' is used uninitialized in this function [-Wuninitialized]
  a1=(result4&0xf0000000)>>28;
  ~~^~~~~~~~~~~~~~~~~~~~~~~~~
../src/main.c:151:4: warning: 'result5' is used uninitialized in this function [-Wuninitialized]
  a1=result5&0x000000ff;
  ~~^~~~~~~~~~~~~~~~~~~
'Finished building: ../src/main.c'
' '
'Building target: hw06.elf'
'Invoking: ARM v7 gcc linker'
arm-none-eabi-gcc -mcpu=cortex-a9 -mfpu=vfpv3 -mfloat-abi=hard -Wl,-build-id=none -specs=Xilinx.spec -Wl,-T -Wl,../src/lscript.ld -L../../hw06_bsp/ps7_cortexa9_0/lib -o "hw06.elf"  ./src/main.o   -Wl,--start-group,-lxil,-lgcc,-lc,--end-group
'Finished building target: hw06.elf'
' '
'Invoking: ARM v7 Print Size'
arm-none-eabi-size hw06.elf  |tee "hw06.elf.size"
   text	   data	    bss	    dec	    hex	filename
  72788	   2580	  23328	  98696	  18188	hw06.elf
'Finished building: hw06.elf.size'
' '
15:01:26 **** Auto Build of configuration Debug for project hw06 ****
make pre-build main-build 
a9-linaro-pre-build-step
' '
'Building file: ../src/main.c'
'Invoking: ARM v7 gcc compiler'
arm-none-eabi-gcc -Wall -O0 -g3 -c -fmessage-length=0 -MT"src/main.o" -mcpu=cortex-a9 -mfpu=vfpv3 -mfloat-abi=hard -I../../hw06_bsp/ps7_cortexa9_0/include -MMD -MP -MF"src/main.d" -MT"src/main.o" -o "src/main.o" "../src/main.c"
../src/main.c: In function 'main':
../src/main.c:40:7: warning: unused variable 'ans' [-Wunused-variable]
   u32 ans;
       ^~~
../src/main.c:58:11: warning: format '%d' expects argument of type 'int', but argument 2 has type 'u32 {aka long unsigned int}' [-Wformat=]
  printf("%d",b1);
          ~^
          %ld
../src/main.c:59:13: warning: format '%d' expects argument of type 'int', but argument 2 has type 'u32 {aka long unsigned int}' [-Wformat=]
  printf("  %d",b2 );
            ~^
            %ld
../src/main.c:61:11: warning: format '%d' expects argument of type 'int', but argument 2 has type 'u32 {aka long unsigned int}' [-Wformat=]
  printf("%d",b3);
          ~^
          %ld
../src/main.c:62:13: warning: format '%d' expects argument of type 'int', but argument 2 has type 'u32 {aka long unsigned int}' [-Wformat=]
  printf("  %d",b4);
            ~^
            %ld
../src/main.c:65:11: warning: format '%d' expects argument of type 'int', but argument 2 has type 'u32 {aka long unsigned int}' [-Wformat=]
  printf("%d",a1);
          ~^
          %ld
../src/main.c:66:13: warning: format '%d' expects argument of type 'int', but argument 2 has type 'u32 {aka long unsigned int}' [-Wformat=]
  printf("  %d",a2 );
            ~^
            %ld
../src/main.c:68:11: warning: format '%d' expects argument of type 'int', but argument 2 has type 'u32 {aka long unsigned int}' [-Wformat=]
  printf("%d",a3);
          ~^
          %ld
../src/main.c:69:13: warning: format '%d' expects argument of type 'int', but argument 2 has type 'u32 {aka long unsigned int}' [-Wformat=]
  printf("  %d",a4);
            ~^
            %ld
../src/main.c:72:12: warning: format '%d' expects argument of type 'int', but argument 2 has type 'u32 {aka long unsigned int}' [-Wformat=]
  printf(" %d",bias);
           ~^
           %ld
../src/main.c:81:11: warning: format '%d' expects argument of type 'int', but argument 2 has type 'u32 {aka long unsigned int}' [-Wformat=]
  printf("%d",a1);
          ~^
          %ld
../src/main.c:82:13: warning: format '%d' expects argument of type 'int', but argument 2 has type 'u32 {aka long unsigned int}' [-Wformat=]
  printf("  %d",a2 );
            ~^
            %ld
../src/main.c:84:11: warning: format '%d' expects argument of type 'int', but argument 2 has type 'u32 {aka long unsigned int}' [-Wformat=]
  printf("%d",a3);
          ~^
          %ld
../src/main.c:85:13: warning: format '%d' expects argument of type 'int', but argument 2 has type 'u32 {aka long unsigned int}' [-Wformat=]
  printf("  %d",a4);
            ~^
            %ld
../src/main.c:93:11: warning: format '%d' expects argument of type 'int', but argument 2 has type 'u32 {aka long unsigned int}' [-Wformat=]
  printf("%d",a1);
          ~^
          %ld
../src/main.c:94:13: warning: format '%d' expects argument of type 'int', but argument 2 has type 'u32 {aka long unsigned int}' [-Wformat=]
  printf("  %d",a2 );
            ~^
            %ld
../src/main.c:96:11: warning: format '%d' expects argument of type 'int', but argument 2 has type 'u32 {aka long unsigned int}' [-Wformat=]
  printf("%d",a3);
          ~^
          %ld
../src/main.c:97:13: warning: format '%d' expects argument of type 'int', but argument 2 has type 'u32 {aka long unsigned int}' [-Wformat=]
  printf("  %d",a4);
            ~^
            %ld
../src/main.c:121:11: warning: format '%d' expects argument of type 'int', but argument 2 has type 'u32 {aka long unsigned int}' [-Wformat=]
  printf("%d",a1);
          ~^
          %ld
../src/main.c:122:13: warning: format '%d' expects argument of type 'int', but argument 2 has type 'u32 {aka long unsigned int}' [-Wformat=]
  printf("  %d",a2 );
            ~^
            %ld
../src/main.c:124:11: warning: format '%d' expects argument of type 'int', but argument 2 has type 'u32 {aka long unsigned int}' [-Wformat=]
  printf("%d",a3);
          ~^
          %ld
../src/main.c:125:13: warning: format '%d' expects argument of type 'int', but argument 2 has type 'u32 {aka long unsigned int}' [-Wformat=]
  printf("  %d",a4);
            ~^
            %ld
../src/main.c:139:11: warning: format '%d' expects argument of type 'int', but argument 2 has type 'u32 {aka long unsigned int}' [-Wformat=]
  printf("%d",b1);
          ~^
          %ld
../src/main.c:140:13: warning: format '%d' expects argument of type 'int', but argument 2 has type 'u32 {aka long unsigned int}' [-Wformat=]
  printf("  %d",b2 );
            ~^
            %ld
../src/main.c:142:11: warning: format '%d' expects argument of type 'int', but argument 2 has type 'u32 {aka long unsigned int}' [-Wformat=]
  printf("%d",b3);
          ~^
          %ld
../src/main.c:143:13: warning: format '%d' expects argument of type 'int', but argument 2 has type 'u32 {aka long unsigned int}' [-Wformat=]
  printf("  %d",b4);
            ~^
            %ld
../src/main.c:146:11: warning: format '%d' expects argument of type 'int', but argument 2 has type 'u32 {aka long unsigned int}' [-Wformat=]
  printf("%d",a1);
          ~^
          %ld
../src/main.c:147:13: warning: format '%d' expects argument of type 'int', but argument 2 has type 'u32 {aka long unsigned int}' [-Wformat=]
  printf("  %d",a2 );
            ~^
            %ld
../src/main.c:149:11: warning: format '%d' expects argument of type 'int', but argument 2 has type 'u32 {aka long unsigned int}' [-Wformat=]
  printf("%d",a3);
          ~^
          %ld
../src/main.c:150:13: warning: format '%d' expects argument of type 'int', but argument 2 has type 'u32 {aka long unsigned int}' [-Wformat=]
  printf("  %d",a4);
            ~^
            %ld
../src/main.c:165:11: warning: format '%d' expects argument of type 'int', but argument 2 has type 'u32 {aka long unsigned int}' [-Wformat=]
  printf("%d",a1);
          ~^
          %ld
../src/main.c:168:11: warning: format '%d' expects argument of type 'int', but argument 2 has type 'u32 {aka long unsigned int}' [-Wformat=]
  printf("%d",a2 );
          ~^
          %ld
../src/main.c:26:6: warning: unused variable 'temp2' [-Wunused-variable]
  u32 temp2;
      ^~~~~
../src/main.c:25:6: warning: unused variable 'temp1' [-Wunused-variable]
  u32 temp1;
      ^~~~~
../src/main.c:89:4: warning: 'result2' is used uninitialized in this function [-Wuninitialized]
  a1=(result2&0xf0000000)>>28;
  ~~^~~~~~~~~~~~~~~~~~~~~~~~~
../src/main.c:101:25: warning: 'result3' is used uninitialized in this function [-Wuninitialized]
  a1=(result3&0x0000f000)>>12;
     ~~~~~~~~~~~~~~~~~~~~^~~~
../src/main.c:130:4: warning: 'result4' is used uninitialized in this function [-Wuninitialized]
  a1=(result4&0xf0000000)>>28;
  ~~^~~~~~~~~~~~~~~~~~~~~~~~~
../src/main.c:154:4: warning: 'result5' is used uninitialized in this function [-Wuninitialized]
  a1=result5&0x000000ff;
  ~~^~~~~~~~~~~~~~~~~~~
'Finished building: ../src/main.c'
' '
'Building target: hw06.elf'
'Invoking: ARM v7 gcc linker'
arm-none-eabi-gcc -mcpu=cortex-a9 -mfpu=vfpv3 -mfloat-abi=hard -Wl,-build-id=none -specs=Xilinx.spec -Wl,-T -Wl,../src/lscript.ld -L../../hw06_bsp/ps7_cortexa9_0/lib -o "hw06.elf"  ./src/main.o   -Wl,--start-group,-lxil,-lgcc,-lc,--end-group
'Finished building target: hw06.elf'
' '
'Invoking: ARM v7 Print Size'
arm-none-eabi-size hw06.elf  |tee "hw06.elf.size"
   text	   data	    bss	    dec	    hex	filename
  72868	   2580	  23328	  98776	  181d8	hw06.elf
'Finished building: hw06.elf.size'
' '
15:01:44 **** Auto Build of configuration Debug for project hw06 ****
make pre-build main-build 
a9-linaro-pre-build-step
' '
'Building file: ../src/main.c'
'Invoking: ARM v7 gcc compiler'
arm-none-eabi-gcc -Wall -O0 -g3 -c -fmessage-length=0 -MT"src/main.o" -mcpu=cortex-a9 -mfpu=vfpv3 -mfloat-abi=hard -I../../hw06_bsp/ps7_cortexa9_0/include -MMD -MP -MF"src/main.d" -MT"src/main.o" -o "src/main.o" "../src/main.c"
../src/main.c: In function 'main':
../src/main.c:40:7: warning: unused variable 'ans' [-Wunused-variable]
   u32 ans;
       ^~~
../src/main.c:58:11: warning: format '%d' expects argument of type 'int', but argument 2 has type 'u32 {aka long unsigned int}' [-Wformat=]
  printf("%d",b1);
          ~^
          %ld
../src/main.c:59:13: warning: format '%d' expects argument of type 'int', but argument 2 has type 'u32 {aka long unsigned int}' [-Wformat=]
  printf("  %d",b2 );
            ~^
            %ld
../src/main.c:61:11: warning: format '%d' expects argument of type 'int', but argument 2 has type 'u32 {aka long unsigned int}' [-Wformat=]
  printf("%d",b3);
          ~^
          %ld
../src/main.c:62:13: warning: format '%d' expects argument of type 'int', but argument 2 has type 'u32 {aka long unsigned int}' [-Wformat=]
  printf("  %d",b4);
            ~^
            %ld
../src/main.c:65:11: warning: format '%d' expects argument of type 'int', but argument 2 has type 'u32 {aka long unsigned int}' [-Wformat=]
  printf("%d",a1);
          ~^
          %ld
../src/main.c:66:13: warning: format '%d' expects argument of type 'int', but argument 2 has type 'u32 {aka long unsigned int}' [-Wformat=]
  printf("  %d",a2 );
            ~^
            %ld
../src/main.c:68:11: warning: format '%d' expects argument of type 'int', but argument 2 has type 'u32 {aka long unsigned int}' [-Wformat=]
  printf("%d",a3);
          ~^
          %ld
../src/main.c:69:13: warning: format '%d' expects argument of type 'int', but argument 2 has type 'u32 {aka long unsigned int}' [-Wformat=]
  printf("  %d",a4);
            ~^
            %ld
../src/main.c:72:12: warning: format '%d' expects argument of type 'int', but argument 2 has type 'u32 {aka long unsigned int}' [-Wformat=]
  printf(" %d",bias);
           ~^
           %ld
../src/main.c:81:11: warning: format '%d' expects argument of type 'int', but argument 2 has type 'u32 {aka long unsigned int}' [-Wformat=]
  printf("%d",a1);
          ~^
          %ld
../src/main.c:82:13: warning: format '%d' expects argument of type 'int', but argument 2 has type 'u32 {aka long unsigned int}' [-Wformat=]
  printf("  %d",a2 );
            ~^
            %ld
../src/main.c:84:11: warning: format '%d' expects argument of type 'int', but argument 2 has type 'u32 {aka long unsigned int}' [-Wformat=]
  printf("%d",a3);
          ~^
          %ld
../src/main.c:85:13: warning: format '%d' expects argument of type 'int', but argument 2 has type 'u32 {aka long unsigned int}' [-Wformat=]
  printf("  %d",a4);
            ~^
            %ld
../src/main.c:109:1: error: expected declaration or statement at end of input
 }
 ^
../src/main.c:26:6: warning: unused variable 'temp2' [-Wunused-variable]
  u32 temp2;
      ^~~~~
../src/main.c:25:6: warning: unused variable 'temp1' [-Wunused-variable]
  u32 temp1;
      ^~~~~
../src/main.c:22:6: warning: unused variable 'result5' [-Wunused-variable]
  u32 result5;
      ^~~~~~~
../src/main.c:21:6: warning: unused variable 'result4' [-Wunused-variable]
  u32 result4;
      ^~~~~~~
../src/main.c:20:6: warning: unused variable 'result3' [-Wunused-variable]
  u32 result3;
      ^~~~~~~
../src/main.c:19:6: warning: unused variable 'result2' [-Wunused-variable]
  u32 result2;
      ^~~~~~~
At top level:
../src/main.c:104:5: warning: 'read_data' defined but not used [-Wunused-function]
 u32 read_data(u32 address)
     ^~~~~~~~~
../src/main.c:87:7: warning: 'write_data' defined but not used [-Wunused-function]
  void write_data(u32 address,u32 data)
       ^~~~~~~~~~
make: *** [src/subdir.mk:23: src/main.o] Error 1
15:02:19 **** Auto Build of configuration Debug for project hw06 ****
make pre-build main-build 
a9-linaro-pre-build-step
' '
'Building file: ../src/main.c'
'Invoking: ARM v7 gcc compiler'
arm-none-eabi-gcc -Wall -O0 -g3 -c -fmessage-length=0 -MT"src/main.o" -mcpu=cortex-a9 -mfpu=vfpv3 -mfloat-abi=hard -I../../hw06_bsp/ps7_cortexa9_0/include -MMD -MP -MF"src/main.d" -MT"src/main.o" -o "src/main.o" "../src/main.c"
../src/main.c: In function 'main':
../src/main.c:40:7: warning: unused variable 'ans' [-Wunused-variable]
   u32 ans;
       ^~~
../src/main.c:58:11: warning: format '%d' expects argument of type 'int', but argument 2 has type 'u32 {aka long unsigned int}' [-Wformat=]
  printf("%d",b1);
          ~^
          %ld
../src/main.c:59:13: warning: format '%d' expects argument of type 'int', but argument 2 has type 'u32 {aka long unsigned int}' [-Wformat=]
  printf("  %d",b2 );
            ~^
            %ld
../src/main.c:61:11: warning: format '%d' expects argument of type 'int', but argument 2 has type 'u32 {aka long unsigned int}' [-Wformat=]
  printf("%d",b3);
          ~^
          %ld
../src/main.c:62:13: warning: format '%d' expects argument of type 'int', but argument 2 has type 'u32 {aka long unsigned int}' [-Wformat=]
  printf("  %d",b4);
            ~^
            %ld
../src/main.c:65:11: warning: format '%d' expects argument of type 'int', but argument 2 has type 'u32 {aka long unsigned int}' [-Wformat=]
  printf("%d",a1);
          ~^
          %ld
../src/main.c:66:13: warning: format '%d' expects argument of type 'int', but argument 2 has type 'u32 {aka long unsigned int}' [-Wformat=]
  printf("  %d",a2 );
            ~^
            %ld
../src/main.c:68:11: warning: format '%d' expects argument of type 'int', but argument 2 has type 'u32 {aka long unsigned int}' [-Wformat=]
  printf("%d",a3);
          ~^
          %ld
../src/main.c:69:13: warning: format '%d' expects argument of type 'int', but argument 2 has type 'u32 {aka long unsigned int}' [-Wformat=]
  printf("  %d",a4);
            ~^
            %ld
../src/main.c:72:12: warning: format '%d' expects argument of type 'int', but argument 2 has type 'u32 {aka long unsigned int}' [-Wformat=]
  printf(" %d",bias);
           ~^
           %ld
../src/main.c:81:11: warning: format '%d' expects argument of type 'int', but argument 2 has type 'u32 {aka long unsigned int}' [-Wformat=]
  printf("%d",a1);
          ~^
          %ld
../src/main.c:82:13: warning: format '%d' expects argument of type 'int', but argument 2 has type 'u32 {aka long unsigned int}' [-Wformat=]
  printf("  %d",a2 );
            ~^
            %ld
../src/main.c:84:11: warning: format '%d' expects argument of type 'int', but argument 2 has type 'u32 {aka long unsigned int}' [-Wformat=]
  printf("%d",a3);
          ~^
          %ld
../src/main.c:85:13: warning: format '%d' expects argument of type 'int', but argument 2 has type 'u32 {aka long unsigned int}' [-Wformat=]
  printf("  %d",a4);
            ~^
            %ld
../src/main.c:26:6: warning: unused variable 'temp2' [-Wunused-variable]
  u32 temp2;
      ^~~~~
../src/main.c:25:6: warning: unused variable 'temp1' [-Wunused-variable]
  u32 temp1;
      ^~~~~
../src/main.c:22:6: warning: unused variable 'result5' [-Wunused-variable]
  u32 result5;
      ^~~~~~~
../src/main.c:21:6: warning: unused variable 'result4' [-Wunused-variable]
  u32 result4;
      ^~~~~~~
../src/main.c:20:6: warning: unused variable 'result3' [-Wunused-variable]
  u32 result3;
      ^~~~~~~
../src/main.c:19:6: warning: unused variable 'result2' [-Wunused-variable]
  u32 result2;
      ^~~~~~~
'Finished building: ../src/main.c'
' '
'Building target: hw06.elf'
'Invoking: ARM v7 gcc linker'
arm-none-eabi-gcc -mcpu=cortex-a9 -mfpu=vfpv3 -mfloat-abi=hard -Wl,-build-id=none -specs=Xilinx.spec -Wl,-T -Wl,../src/lscript.ld -L../../hw06_bsp/ps7_cortexa9_0/lib -o "hw06.elf"  ./src/main.o   -Wl,--start-group,-lxil,-lgcc,-lc,--end-group
'Finished building target: hw06.elf'
' '
'Invoking: ARM v7 Print Size'
arm-none-eabi-size hw06.elf  |tee "hw06.elf.size"
[...]
  while(scanf("%d",&filter4))
               ~^  ~~~~~~~~
               %ld
../src/main.c:148:11: warning: format '%d' expects argument of type 'int', but argument 2 has type 'u32 {aka long unsigned int}' [-Wformat=]
  printf("%d",filter4);
          ~^
          %ld
../src/main.c:155:16: warning: format '%d' expects argument of type 'int *', but argument 2 has type 'u32 * {aka long unsigned int *}' [-Wformat=]
  while(scanf("%d",&bias))
               ~^  ~~~~~
               %ld
../src/main.c:167:11: warning: format '%d' expects argument of type 'int', but argument 2 has type 'u32 {aka long unsigned int}' [-Wformat=]
  printf("%d",bias);
          ~^
          %ld
../src/main.c:176:7: warning: unused variable 'ans' [-Wunused-variable]
   u32 ans;
       ^~~
../src/main.c:193:11: warning: format '%d' expects argument of type 'int', but argument 2 has type 'u32 {aka long unsigned int}' [-Wformat=]
  printf("%d",b1);
          ~^
          %ld
../src/main.c:194:13: warning: format '%d' expects argument of type 'int', but argument 2 has type 'u32 {aka long unsigned int}' [-Wformat=]
  printf("  %d",b2 );
            ~^
            %ld
../src/main.c:196:11: warning: format '%d' expects argument of type 'int', but argument 2 has type 'u32 {aka long unsigned int}' [-Wformat=]
  printf("%d",b3);
          ~^
          %ld
../src/main.c:197:13: warning: format '%d' expects argument of type 'int', but argument 2 has type 'u32 {aka long unsigned int}' [-Wformat=]
  printf("  %d",b4);
            ~^
            %ld
../src/main.c:200:11: warning: format '%d' expects argument of type 'int', but argument 2 has type 'u32 {aka long unsigned int}' [-Wformat=]
  printf("%d",a1);
          ~^
          %ld
../src/main.c:201:13: warning: format '%d' expects argument of type 'int', but argument 2 has type 'u32 {aka long unsigned int}' [-Wformat=]
  printf("  %d",a2 );
            ~^
            %ld
../src/main.c:203:11: warning: format '%d' expects argument of type 'int', but argument 2 has type 'u32 {aka long unsigned int}' [-Wformat=]
  printf("%d",a3);
          ~^
          %ld
../src/main.c:204:13: warning: format '%d' expects argument of type 'int', but argument 2 has type 'u32 {aka long unsigned int}' [-Wformat=]
  printf("  %d",a4);
            ~^
            %ld
../src/main.c:207:12: warning: format '%d' expects argument of type 'int', but argument 2 has type 'u32 {aka long unsigned int}' [-Wformat=]
  printf(" %d",bias);
           ~^
           %ld
../src/main.c:216:11: warning: format '%d' expects argument of type 'int', but argument 2 has type 'u32 {aka long unsigned int}' [-Wformat=]
  printf("%d",a1);
          ~^
          %ld
../src/main.c:217:13: warning: format '%d' expects argument of type 'int', but argument 2 has type 'u32 {aka long unsigned int}' [-Wformat=]
  printf("  %d",a2 );
            ~^
            %ld
../src/main.c:219:11: warning: format '%d' expects argument of type 'int', but argument 2 has type 'u32 {aka long unsigned int}' [-Wformat=]
  printf("%d",a3);
          ~^
          %ld
../src/main.c:220:13: warning: format '%d' expects argument of type 'int', but argument 2 has type 'u32 {aka long unsigned int}' [-Wformat=]
  printf("  %d",a4);
            ~^
            %ld
../src/main.c:25:6: warning: unused variable 'temp2' [-Wunused-variable]
  u32 temp2;
      ^~~~~
../src/main.c:24:6: warning: unused variable 'temp1' [-Wunused-variable]
  u32 temp1;
      ^~~~~
'Finished building: ../src/main.c'
' '
'Building target: hw06.elf'
'Invoking: ARM v7 gcc linker'
arm-none-eabi-gcc -mcpu=cortex-a9 -mfpu=vfpv3 -mfloat-abi=hard -Wl,-build-id=none -specs=Xilinx.spec -Wl,-T -Wl,../src/lscript.ld -L../../hw06_bsp/ps7_cortexa9_0/lib -o "hw06.elf"  ./src/main.o   -Wl,--start-group,-lxil,-lgcc,-lc,--end-group
'Finished building target: hw06.elf'
' '
'Invoking: ARM v7 Print Size'
arm-none-eabi-size hw06.elf  |tee "hw06.elf.size"
   text	   data	    bss	    dec	    hex	filename
 123252	   2580	  23328	 149160	  246a8	hw06.elf
'Finished building: hw06.elf.size'
' '
15:46:41 **** Incremental Build of configuration Debug for project hw06 ****
make pre-build main-build 
a9-linaro-pre-build-step
' '
make: Nothing to be done for 'main-build'.
15:49:25 **** Auto Build of configuration Debug for project hw06 ****
make pre-build main-build 
a9-linaro-pre-build-step
' '
'Building file: ../src/main.c'
'Invoking: ARM v7 gcc compiler'
arm-none-eabi-gcc -Wall -O0 -g3 -c -fmessage-length=0 -MT"src/main.o" -mcpu=cortex-a9 -mfpu=vfpv3 -mfloat-abi=hard -I../../hw06_bsp/ps7_cortexa9_0/include -MMD -MP -MF"src/main.d" -MT"src/main.o" -o "src/main.o" "../src/main.c"
../src/main.c: In function 'main':
../src/main.c:31:16: warning: format '%d' expects argument of type 'int *', but argument 2 has type 'u32 * {aka long unsigned int *}' [-Wformat=]
  while(scanf("%d",&data1))
               ~^  ~~~~~~
               %ld
../src/main.c:42:11: warning: format '%d' expects argument of type 'int', but argument 2 has type 'u32 {aka long unsigned int}' [-Wformat=]
  printf("%d",data1);
          ~^
          %ld
../src/main.c:45:16: warning: format '%d' expects argument of type 'int *', but argument 2 has type 'u32 * {aka long unsigned int *}' [-Wformat=]
  while(scanf("%d",&data2))
               ~^  ~~~~~~
               %ld
../src/main.c:57:11: warning: format '%d' expects argument of type 'int', but argument 2 has type 'u32 {aka long unsigned int}' [-Wformat=]
  printf("%d",data2);
          ~^
          %ld
../src/main.c:60:16: warning: format '%d' expects argument of type 'int *', but argument 2 has type 'u32 * {aka long unsigned int *}' [-Wformat=]
  while(scanf("%d",&data3))
               ~^  ~~~~~~
               %ld
../src/main.c:72:11: warning: format '%d' expects argument of type 'int', but argument 2 has type 'u32 {aka long unsigned int}' [-Wformat=]
  printf("%d",data3);
          ~^
          %ld
../src/main.c:75:16: warning: format '%d' expects argument of type 'int *', but argument 2 has type 'u32 * {aka long unsigned int *}' [-Wformat=]
  while(scanf("%d",&data4))
               ~^  ~~~~~~
               %ld
../src/main.c:87:11: warning: format '%d' expects argument of type 'int', but argument 2 has type 'u32 {aka long unsigned int}' [-Wformat=]
  printf("%d",data4);
          ~^
          %ld
../src/main.c:92:16: warning: format '%d' expects argument of type 'int *', but argument 2 has type 'u32 * {aka long unsigned int *}' [-Wformat=]
  while(scanf("%d",&filter1))
               ~^  ~~~~~~~~
               %ld
../src/main.c:103:11: warning: format '%d' expects argument of type 'int', but argument 2 has type 'u32 {aka long unsigned int}' [-Wformat=]
  printf("%d",filter1);
          ~^
          %ld
../src/main.c:106:16: warning: format '%d' expects argument of type 'int *', but argument 2 has type 'u32 * {aka long unsigned int *}' [-Wformat=]
  while(scanf("%d",&filter2))
               ~^  ~~~~~~~~
               %ld
../src/main.c:118:11: warning: format '%d' expects argument of type 'int', but argument 2 has type 'u32 {aka long unsigned int}' [-Wformat=]
  printf("%d",filter2);
          ~^
          %ld
../src/main.c:121:16: warning: format '%d' expects argument of type 'int *', but argument 2 has type 'u32 * {aka long unsigned int *}' [-Wformat=]
  while(scanf("%d",&filter3))
               ~^  ~~~~~~~~
               %ld
../src/main.c:133:11: warning: format '%d' expects argument of type 'int', but argument 2 has type 'u32 {aka long unsigned int}' [-Wformat=]
  printf("%d",filter3);
          ~^
          %ld
../src/main.c:136:16: warning: format '%d' expects argument of type 'int *', but argument 2 has type 'u32 * {aka long unsigned int *}' [-Wformat=]
  while(scanf("%d",&filter4))
               ~^  ~~~~~~~~
               %ld
../src/main.c:147:11: warning: format '%d' expects argument of type 'int', but argument 2 has type 'u32 {aka long unsigned int}' [-Wformat=]
  printf("%d",filter4);
          ~^
          %ld
../src/main.c:154:16: warning: format '%d' expects argument of type 'int *', but argument 2 has type 'u32 * {aka long unsigned int *}' [-Wformat=]
  while(scanf("%d",&bias))
               ~^  ~~~~~
               %ld
../src/main.c:166:11: warning: format '%d' expects argument of type 'int', but argument 2 has type 'u32 {aka long unsigned int}' [-Wformat=]
  printf("%d",bias);
          ~^
          %ld
../src/main.c:175:7: warning: unused variable 'ans' [-Wunused-variable]
   u32 ans;
       ^~~
../src/main.c:192:11: warning: format '%d' expects argument of type 'int', but argument 2 has type 'u32 {aka long unsigned int}' [-Wformat=]
  printf("%d",b1);
          ~^
          %ld
../src/main.c:193:13: warning: format '%d' expects argument of type 'int', but argument 2 has type 'u32 {aka long unsigned int}' [-Wformat=]
  printf("  %d",b2 );
            ~^
            %ld
../src/main.c:195:11: warning: format '%d' expects argument of type 'int', but argument 2 has type 'u32 {aka long unsigned int}' [-Wformat=]
  printf("%d",b3);
          ~^
          %ld
../src/main.c:196:13: warning: format '%d' expects argument of type 'int', but argument 2 has type 'u32 {aka long unsigned int}' [-Wformat=]
  printf("  %d",b4);
            ~^
            %ld
../src/main.c:199:11: warning: format '%d' expects argument of type 'int', but argument 2 has type 'u32 {aka long unsigned int}' [-Wformat=]
  printf("%d",a1);
          ~^
          %ld
../src/main.c:200:13: warning: format '%d' expects argument of type 'int', but argument 2 has type 'u32 {aka long unsigned int}' [-Wformat=]
  printf("  %d",a2 );
            ~^
            %ld
../src/main.c:202:11: warning: format '%d' expects argument of type 'int', but argument 2 has type 'u32 {aka long unsigned int}' [-Wformat=]
  printf("%d",a3);
          ~^
          %ld
../src/main.c:203:13: warning: format '%d' expects argument of type 'int', but argument 2 has type 'u32 {aka long unsigned int}' [-Wformat=]
  printf("  %d",a4);
            ~^
            %ld
../src/main.c:206:12: warning: format '%d' expects argument of type 'int', but argument 2 has type 'u32 {aka long unsigned int}' [-Wformat=]
  printf(" %d",bias);
           ~^
           %ld
../src/main.c:215:11: warning: format '%d' expects argument of type 'int', but argument 2 has type 'u32 {aka long unsigned int}' [-Wformat=]
  printf("%d",a1);
          ~^
          %ld
../src/main.c:216:13: warning: format '%d' expects argument of type 'int', but argument 2 has type 'u32 {aka long unsigned int}' [-Wformat=]
  printf("  %d",a2 );
            ~^
            %ld
../src/main.c:218:11: warning: format '%d' expects argument of type 'int', but argument 2 has type 'u32 {aka long unsigned int}' [-Wformat=]
  printf("%d",a3);
          ~^
          %ld
../src/main.c:219:13: warning: format '%d' expects argument of type 'int', but argument 2 has type 'u32 {aka long unsigned int}' [-Wformat=]
  printf("  %d",a4);
            ~^
            %ld
../src/main.c:25:6: warning: unused variable 'temp2' [-Wunused-variable]
  u32 temp2;
      ^~~~~
../src/main.c:24:6: warning: unused variable 'temp1' [-Wunused-variable]
  u32 temp1;
      ^~~~~
'Finished building: ../src/main.c'
' '
'Building target: hw06.elf'
'Invoking: ARM v7 gcc linker'
arm-none-eabi-gcc -mcpu=cortex-a9 -mfpu=vfpv3 -mfloat-abi=hard -Wl,-build-id=none -specs=Xilinx.spec -Wl,-T -Wl,../src/lscript.ld -L../../hw06_bsp/ps7_cortexa9_0/lib -o "hw06.elf"  ./src/main.o   -Wl,--start-group,-lxil,-lgcc,-lc,--end-group
'Finished building target: hw06.elf'
' '
'Invoking: ARM v7 Print Size'
arm-none-eabi-size hw06.elf  |tee "hw06.elf.size"
   text	   data	    bss	    dec	    hex	filename
 123188	   2580	  23328	 149096	  24668	hw06.elf
'Finished building: hw06.elf.size'
' '
15:49:32 **** Incremental Build of configuration Debug for project hw06 ****
make pre-build main-build 
a9-linaro-pre-build-step
' '
make: Nothing to be done for 'main-build'.
15:50:11 **** Incremental Build of configuration Debug for project hw06 ****
make pre-build main-build 
a9-linaro-pre-build-step
' '
make: Nothing to be done for 'main-build'.
15:53:39 **** Incremental Build of configuration Debug for project hw06 ****
make pre-build main-build 
a9-linaro-pre-build-step
' '
'Building file: ../src/main.c'
'Invoking: ARM v7 gcc compiler'
arm-none-eabi-gcc -Wall -O0 -g3 -c -fmessage-length=0 -MT"src/main.o" -mcpu=cortex-a9 -mfpu=vfpv3 -mfloat-abi=hard -I../../hw06_bsp/ps7_cortexa9_0/include -MMD -MP -MF"src/main.d" -MT"src/main.o" -o "src/main.o" "../src/main.c"
../src/main.c: In function 'main':
../src/main.c:31:16: warning: format '%d' expects argument of type 'int *', but argument 2 has type 'u32 * {aka long unsigned int *}' [-Wformat=]
  while(scanf("%d",&data1))
               ~^  ~~~~~~
               %ld
../src/main.c:42:11: warning: format '%d' expects argument of type 'int', but argument 2 has type 'u32 {aka long unsigned int}' [-Wformat=]
  printf("%d",data1);
          ~^
          %ld
../src/main.c:45:16: warning: format '%d' expects argument of type 'int *', but argument 2 has type 'u32 * {aka long unsigned int *}' [-Wformat=]
  while(scanf("%d",&data2))
               ~^  ~~~~~~
               %ld
../src/main.c:57:11: warning: format '%d' expects argument of type 'int', but argument 2 has type 'u32 {aka long unsigned int}' [-Wformat=]
  printf("%d",data2);
          ~^
          %ld
../src/main.c:60:16: warning: format '%d' expects argument of type 'int *', but argument 2 has type 'u32 * {aka long unsigned int *}' [-Wformat=]
  while(scanf("%d",&data3))
               ~^  ~~~~~~
               %ld
../src/main.c:72:11: warning: format '%d' expects argument of type 'int', but argument 2 has type 'u32 {aka long unsigned int}' [-Wformat=]
  printf("%d",data3);
          ~^
          %ld
../src/main.c:75:16: warning: format '%d' expects argument of type 'int *', but argument 2 has type 'u32 * {aka long unsigned int *}' [-Wformat=]
  while(scanf("%d",&data4))
               ~^  ~~~~~~
               %ld
../src/main.c:87:11: warning: format '%d' expects argument of type 'int', but argument 2 has type 'u32 {aka long unsigned int}' [-Wformat=]
  printf("%d",data4);
          ~^
          %ld
../src/main.c:92:16: warning: format '%d' expects argument of type 'int *', but argument 2 has type 'u32 * {aka long unsigned int *}' [-Wformat=]
  while(scanf("%d",&filter1))
               ~^  ~~~~~~~~
               %ld
../src/main.c:103:11: warning: format '%d' expects argument of type 'int', but argument 2 has type 'u32 {aka long unsigned int}' [-Wformat=]
  printf("%d",filter1);
          ~^
          %ld
../src/main.c:106:16: warning: format '%d' expects argument of type 'int *', but argument 2 has type 'u32 * {aka long unsigned int *}' [-Wformat=]
  while(scanf("%d",&filter2))
               ~^  ~~~~~~~~
               %ld
../src/main.c:118:11: warning: format '%d' expects argument of type 'int', but argument 2 has type 'u32 {aka long unsigned int}' [-Wformat=]
  printf("%d",filter2);
          ~^
          %ld
../src/main.c:121:16: warning: format '%d' expects argument of type 'int *', but argument 2 has type 'u32 * {aka long unsigned int *}' [-Wformat=]
  while(scanf("%d",&filter3))
               ~^  ~~~~~~~~
               %ld
../src/main.c:133:11: warning: format '%d' expects argument of type 'int', but argument 2 has type 'u32 {aka long unsigned int}' [-Wformat=]
  printf("%d",filter3);
          ~^
          %ld
../src/main.c:136:16: warning: format '%d' expects argument of type 'int *', but argument 2 has type 'u32 * {aka long unsigned int *}' [-Wformat=]
  while(scanf("%d",&filter4))
               ~^  ~~~~~~~~
               %ld
../src/main.c:147:11: warning: format '%d' expects argument of type 'int', but argument 2 has type 'u32 {aka long unsigned int}' [-Wformat=]
  printf("%d",filter4);
          ~^
          %ld
../src/main.c:154:16: warning: format '%d' expects argument of type 'int *', but argument 2 has type 'u32 * {aka long unsigned int *}' [-Wformat=]
  while(scanf("%d",&bias))
               ~^  ~~~~~
               %ld
../src/main.c:166:11: warning: format '%d' expects argument of type 'int', but argument 2 has type 'u32 {aka long unsigned int}' [-Wformat=]
  printf("%d",bias);
          ~^
          %ld
../src/main.c:176:7: warning: unused variable 'ans' [-Wunused-variable]
   u32 ans;
       ^~~
../src/main.c:193:11: warning: format '%d' expects argument of type 'int', but argument 2 has type 'u32 {aka long unsigned int}' [-Wformat=]
  printf("%d",b1);
          ~^
          %ld
../src/main.c:194:13: warning: format '%d' expects argument of type 'int', but argument 2 has type 'u32 {aka long unsigned int}' [-Wformat=]
  printf("  %d",b2 );
            ~^
            %ld
../src/main.c:196:11: warning: format '%d' expects argument of type 'int', but argument 2 has type 'u32 {aka long unsigned int}' [-Wformat=]
  printf("%d",b3);
          ~^
          %ld
../src/main.c:197:13: warning: format '%d' expects argument of type 'int', but argument 2 has type 'u32 {aka long unsigned int}' [-Wformat=]
  printf("  %d",b4);
            ~^
            %ld
../src/main.c:200:11: warning: format '%d' expects argument of type 'int', but argument 2 has type 'u32 {aka long unsigned int}' [-Wformat=]
  printf("%d",a1);
          ~^
          %ld
../src/main.c:201:13: warning: format '%d' expects argument of type 'int', but argument 2 has type 'u32 {aka long unsigned int}' [-Wformat=]
  printf("  %d",a2 );
            ~^
            %ld
../src/main.c:203:11: warning: format '%d' expects argument of type 'int', but argument 2 has type 'u32 {aka long unsigned int}' [-Wformat=]
  printf("%d",a3);
          ~^
          %ld
../src/main.c:204:13: warning: format '%d' expects argument of type 'int', but argument 2 has type 'u32 {aka long unsigned int}' [-Wformat=]
  printf("  %d",a4);
            ~^
            %ld
../src/main.c:207:12: warning: format '%d' expects argument of type 'int', but argument 2 has type 'u32 {aka long unsigned int}' [-Wformat=]
  printf(" %d",bias);
           ~^
           %ld
../src/main.c:216:11: warning: format '%d' expects argument of type 'int', but argument 2 has type 'u32 {aka long unsigned int}' [-Wformat=]
  printf("%d",a1);
          ~^
          %ld
../src/main.c:217:13: warning: format '%d' expects argument of type 'int', but argument 2 has type 'u32 {aka long unsigned int}' [-Wformat=]
  printf("  %d",a2 );
            ~^
            %ld
../src/main.c:219:11: warning: format '%d' expects argument of type 'int', but argument 2 has type 'u32 {aka long unsigned int}' [-Wformat=]
  printf("%d",a3);
          ~^
          %ld
../src/main.c:220:13: warning: format '%d' expects argument of type 'int', but argument 2 has type 'u32 {aka long unsigned int}' [-Wformat=]
  printf("  %d",a4);
            ~^
            %ld
../src/main.c:25:6: warning: unused variable 'temp2' [-Wunused-variable]
  u32 temp2;
      ^~~~~
../src/main.c:24:6: warning: unused variable 'temp1' [-Wunused-variable]
  u32 temp1;
      ^~~~~
'Finished building: ../src/main.c'
' '
'Building target: hw06.elf'
'Invoking: ARM v7 gcc linker'
arm-none-eabi-gcc -mcpu=cortex-a9 -mfpu=vfpv3 -mfloat-abi=hard -Wl,-build-id=none -specs=Xilinx.spec -Wl,-T -Wl,../src/lscript.ld -L../../hw06_bsp/ps7_cortexa9_0/lib -o "hw06.elf"  ./src/main.o   -Wl,--start-group,-lxil,-lgcc,-lc,--end-group
'Finished building target: hw06.elf'
' '
'Invoking: ARM v7 Print Size'
arm-none-eabi-size hw06.elf  |tee "hw06.elf.size"
   text	   data	    bss	    dec	    hex	filename
 123252	   2580	  23328	 149160	  246a8	hw06.elf
'Finished building: hw06.elf.size'
' '
16:09:59 **** Auto Build of configuration Debug for project hw06 ****
make pre-build main-build 
a9-linaro-pre-build-step
' '
make: Nothing to be done for 'main-build'.
16:10:44 **** Incremental Build of configuration Debug for project hw06 ****
make pre-build main-build 
a9-linaro-pre-build-step
' '
make: Nothing to be done for 'main-build'.
